Archive member included because of file (symbol)

/home/orangepi/.arduino15/packages/arduino/hardware/sam/1.6.12/variants/arduino_due_x/libsam_sam3x8e_gcc_rel.a(pio.o)
                              /tmp/arduino-sketch-60601E723012CCD8F0C11AE345A3396C/core/variant.cpp.o (PIO_Configure)
/home/orangepi/.arduino15/packages/arduino/hardware/sam/1.6.12/variants/arduino_due_x/libsam_sam3x8e_gcc_rel.a(pmc.o)
                              /tmp/arduino-sketch-60601E723012CCD8F0C11AE345A3396C/sketch/DueTimer.cpp.o (pmc_enable_periph_clk)
/home/orangepi/.arduino15/packages/arduino/hardware/sam/1.6.12/variants/arduino_due_x/libsam_sam3x8e_gcc_rel.a(tc.o)
                              /tmp/arduino-sketch-60601E723012CCD8F0C11AE345A3396C/sketch/DueTimer.cpp.o (TC_Configure)
/home/orangepi/.arduino15/packages/arduino/hardware/sam/1.6.12/variants/arduino_due_x/libsam_sam3x8e_gcc_rel.a(system_sam3xa.o)
                              /tmp/arduino-sketch-60601E723012CCD8F0C11AE345A3396C/core/variant.cpp.o (SystemInit)
/home/orangepi/.arduino15/packages/arduino/hardware/sam/1.6.12/variants/arduino_due_x/libsam_sam3x8e_gcc_rel.a(startup_sam3xa.o)
                              (Reset_Handler)
/home/orangepi/.arduino15/packages/arduino/hardware/sam/1.6.12/variants/arduino_due_x/libsam_sam3x8e_gcc_rel.a(adc.o)
                              /tmp/arduino-sketch-60601E723012CCD8F0C11AE345A3396C/core/variant.cpp.o (adc_init)
/home/orangepi/.arduino15/packages/arduino/hardware/sam/1.6.12/variants/arduino_due_x/libsam_sam3x8e_gcc_rel.a(uotghs.o)
                              /home/orangepi/.arduino15/packages/arduino/hardware/sam/1.6.12/variants/arduino_due_x/libsam_sam3x8e_gcc_rel.a(startup_sam3xa.o) (UOTGHS_Handler)
/tmp/arduino-sketch-60601E723012CCD8F0C11AE345A3396C/../arduino-core-cache/core_arduino_sam_arduino_due_x_dbg_12c81cb0a6aff8488538f97208e21652.a(WInterrupts.c.o)
                              /tmp/arduino-sketch-60601E723012CCD8F0C11AE345A3396C/sketch/drive_new_pwm.ino.cpp.o (attachInterrupt)
/tmp/arduino-sketch-60601E723012CCD8F0C11AE345A3396C/../arduino-core-cache/core_arduino_sam_arduino_due_x_dbg_12c81cb0a6aff8488538f97208e21652.a(cortex_handlers.c.o)
                              /home/orangepi/.arduino15/packages/arduino/hardware/sam/1.6.12/variants/arduino_due_x/libsam_sam3x8e_gcc_rel.a(startup_sam3xa.o) (NMI_Handler)
/tmp/arduino-sketch-60601E723012CCD8F0C11AE345A3396C/../arduino-core-cache/core_arduino_sam_arduino_due_x_dbg_12c81cb0a6aff8488538f97208e21652.a(hooks.c.o)
                              /tmp/arduino-sketch-60601E723012CCD8F0C11AE345A3396C/../arduino-core-cache/core_arduino_sam_arduino_due_x_dbg_12c81cb0a6aff8488538f97208e21652.a(cortex_handlers.c.o) (sysTickHook)
/tmp/arduino-sketch-60601E723012CCD8F0C11AE345A3396C/../arduino-core-cache/core_arduino_sam_arduino_due_x_dbg_12c81cb0a6aff8488538f97208e21652.a(syscalls_sam3.c.o)
                              (_sbrk)
/tmp/arduino-sketch-60601E723012CCD8F0C11AE345A3396C/../arduino-core-cache/core_arduino_sam_arduino_due_x_dbg_12c81cb0a6aff8488538f97208e21652.a(wiring_analog.c.o)
                              /tmp/arduino-sketch-60601E723012CCD8F0C11AE345A3396C/sketch/drive_new_pwm.ino.cpp.o (analogRead)
/tmp/arduino-sketch-60601E723012CCD8F0C11AE345A3396C/../arduino-core-cache/core_arduino_sam_arduino_due_x_dbg_12c81cb0a6aff8488538f97208e21652.a(wiring_digital.c.o)
                              /tmp/arduino-sketch-60601E723012CCD8F0C11AE345A3396C/sketch/drive_new_pwm.ino.cpp.o (pinMode)
/tmp/arduino-sketch-60601E723012CCD8F0C11AE345A3396C/../arduino-core-cache/core_arduino_sam_arduino_due_x_dbg_12c81cb0a6aff8488538f97208e21652.a(Print.cpp.o)
                              /tmp/arduino-sketch-60601E723012CCD8F0C11AE345A3396C/sketch/drive_new_pwm.ino.cpp.o (Print::print(char const*))
/tmp/arduino-sketch-60601E723012CCD8F0C11AE345A3396C/../arduino-core-cache/core_arduino_sam_arduino_due_x_dbg_12c81cb0a6aff8488538f97208e21652.a(Reset.cpp.o)
                              /tmp/arduino-sketch-60601E723012CCD8F0C11AE345A3396C/../arduino-core-cache/core_arduino_sam_arduino_due_x_dbg_12c81cb0a6aff8488538f97208e21652.a(cortex_handlers.c.o) (tickReset)
/tmp/arduino-sketch-60601E723012CCD8F0C11AE345A3396C/../arduino-core-cache/core_arduino_sam_arduino_due_x_dbg_12c81cb0a6aff8488538f97208e21652.a(RingBuffer.cpp.o)
                              /tmp/arduino-sketch-60601E723012CCD8F0C11AE345A3396C/core/variant.cpp.o (RingBuffer::RingBuffer())
/tmp/arduino-sketch-60601E723012CCD8F0C11AE345A3396C/../arduino-core-cache/core_arduino_sam_arduino_due_x_dbg_12c81cb0a6aff8488538f97208e21652.a(UARTClass.cpp.o)
                              /tmp/arduino-sketch-60601E723012CCD8F0C11AE345A3396C/sketch/drive_new_pwm.ino.cpp.o (UARTClass::available())
/tmp/arduino-sketch-60601E723012CCD8F0C11AE345A3396C/../arduino-core-cache/core_arduino_sam_arduino_due_x_dbg_12c81cb0a6aff8488538f97208e21652.a(USARTClass.cpp.o)
[...]
Memory Configuration

Name             Origin             Length             Attributes
rom              0x00080000         0x00080000         xr
sram0            0x20000000         0x00010000         xrw
sram1            0x20080000         0x00008000         xrw
ram              0x20070000         0x00018000         xrw
*default*        0x00000000         0xffffffff

Linker script and memory map

LOAD /home/orangepi/.arduino15/packages/arduino/tools/arm-none-eabi-gcc/4.8.3-2014q1/bin/../lib/gcc/arm-none-eabi/4.8.3/armv7-m/crti.o
LOAD /home/orangepi/.arduino15/packages/arduino/tools/arm-none-eabi-gcc/4.8.3-2014q1/bin/../lib/gcc/arm-none-eabi/4.8.3/armv7-m/crtbegin.o
LOAD /home/orangepi/.arduino15/packages/arduino/tools/arm-none-eabi-gcc/4.8.3-2014q1/bin/../lib/gcc/arm-none-eabi/4.8.3/../../../../arm-none-eabi/lib/armv7-m/crt0.o
START GROUP
LOAD /tmp/arduino-sketch-60601E723012CCD8F0C11AE345A3396C/sketch/DueTimer.cpp.o
LOAD /tmp/arduino-sketch-60601E723012CCD8F0C11AE345A3396C/sketch/drive_new_pwm.ino.cpp.o
LOAD /tmp/arduino-sketch-60601E723012CCD8F0C11AE345A3396C/core/variant.cpp.o
LOAD /home/orangepi/.arduino15/packages/arduino/hardware/sam/1.6.12/variants/arduino_due_x/libsam_sam3x8e_gcc_rel.a
LOAD /tmp/arduino-sketch-60601E723012CCD8F0C11AE345A3396C/../arduino-core-cache/core_arduino_sam_arduino_due_x_dbg_12c81cb0a6aff8488538f97208e21652.a
END GROUP
LOAD /home/orangepi/.arduino15/packages/arduino/tools/arm-none-eabi-gcc/4.8.3-2014q1/bin/../lib/gcc/arm-none-eabi/4.8.3/../../../../arm-none-eabi/lib/armv7-m/libm.a
LOAD /home/orangepi/.arduino15/packages/arduino/tools/arm-none-eabi-gcc/4.8.3-2014q1/bin/../lib/gcc/arm-none-eabi/4.8.3/armv7-m/libgcc.a
START GROUP
LOAD /home/orangepi/.arduino15/packages/arduino/tools/arm-none-eabi-gcc/4.8.3-2014q1/bin/../lib/gcc/arm-none-eabi/4.8.3/armv7-m/libgcc.a
LOAD /home/orangepi/.arduino15/packages/arduino/tools/arm-none-eabi-gcc/4.8.3-2014q1/bin/../lib/gcc/arm-none-eabi/4.8.3/../../../../arm-none-eabi/lib/armv7-m/libc.a
END GROUP
LOAD /home/orangepi/.arduino15/packages/arduino/tools/arm-none-eabi-gcc/4.8.3-2014q1/bin/../lib/gcc/arm-none-eabi/4.8.3/armv7-m/crtend.o
LOAD /home/orangepi/.arduino15/packages/arduino/tools/arm-none-eabi-gcc/4.8.3-2014q1/bin/../lib/gcc/arm-none-eabi/4.8.3/armv7-m/crtn.o

.text           0x00080000     0x7570
                0x00080000                . = ALIGN (0x4)
                0x00080000                _sfixed = .
 *(.vectors .vectors.*)
 .vectors       0x00080000       0xf4 /home/orangepi/.arduino15/packages/arduino/hardware/sam/1.6.12/variants/arduino_due_x/libsam_sam3x8e_gcc_rel.a(startup_sam3xa.o)
                0x00080000                exception_table
 *(.text .text.* .gnu.linkonce.t.*)
 .text          0x000800f4       0x54 /home/orangepi/.arduino15/packages/arduino/tools/arm-none-eabi-gcc/4.8.3-2014q1/bin/../lib/gcc/arm-none-eabi/4.8.3/armv7-m/crtbegin.o
 .text._ZN8DueTimer15attachInterruptEPFvvE
                0x00080148       0x10 /tmp/arduino-sketch-60601E723012CCD8F0C11AE345A3396C/sketch/DueTimer.cpp.o
                0x00080148                DueTimer::attachInterrupt(void (*)())
 .text._ZN8DueTimer9bestClockEdRm
                0x00080158      0x1a8 /tmp/arduino-sketch-60601E723012CCD8F0C11AE345A3396C/sketch/DueTimer.cpp.o
                0x00080158                DueTimer::bestClock(double, unsigned long&)
 .text._ZN8DueTimer12setFrequencyEd
                0x00080300      0x108 /tmp/arduino-sketch-60601E723012CCD8F0C11AE345A3396C/sketch/DueTimer.cpp.o
                0x00080300                DueTimer::setFrequency(double)
 .text._ZN8DueTimer9setPeriodEd
                0x00080408       0x28 /tmp/arduino-sketch-60601E723012CCD8F0C11AE345A3396C/sketch/DueTimer.cpp.o
                0x00080408                DueTimer::setPeriod(double)
 .text._ZN8DueTimer5startEd
                0x00080430      0x158 /tmp/arduino-sketch-60601E723012CCD8F0C11AE345A3396C/sketch/DueTimer.cpp.o
                0x00080430                DueTimer::start(double)
 .text.TC0_Handler
                0x00080588       0x1c /tmp/arduino-sketch-60601E723012CCD8F0C11AE345A3396C/sketch/DueTimer.cpp.o
                0x00080588                TC0_Handler
 .text.TC1_Handler
                0x000805a4       0x1c /tmp/arduino-sketch-60601E723012CCD8F0C11AE345A3396C/sketch/DueTimer.cpp.o
                0x000805a4                TC1_Handler
 .text.TC2_Handler
                0x000805c0       0x1c /tmp/arduino-sketch-60601E723012CCD8F0C11AE345A3396C/sketch/DueTimer.cpp.o
                0x000805c0                TC2_Handler
 .text.TC3_Handler
                0x000805dc       0x1c /tmp/arduino-sketch-60601E723012CCD8F0C11AE345A3396C/sketch/DueTimer.cpp.o
                0x000805dc                TC3_Handler
 .text.TC4_Handler
                0x000805f8       0x1c /tmp/arduino-sketch-60601E723012CCD8F0C11AE345A3396C/sketch/DueTimer.cpp.o
                0x000805f8                TC4_Handler
 .text.TC5_Handler
                0x00080614       0x1c /tmp/arduino-sketch-60601E723012CCD8F0C11AE345A3396C/sketch/DueTimer.cpp.o
                0x00080614                TC5_Handler
 .text.TC6_Handler
                0x00080630       0x1c /tmp/arduino-sketch-60601E723012CCD8F0C11AE345A3396C/sketch/DueTimer.cpp.o
                0x00080630                TC6_Handler
 .text.TC7_Handler
                0x0008064c       0x1c /tmp/arduino-sketch-60601E723012CCD8F0C11AE345A3396C/sketch/DueTimer.cpp.o
                0x0008064c                TC7_Handler
 .text.TC8_Handler
                0x00080668       0x1c /tmp/arduino-sketch-60601E723012CCD8F0C11AE345A3396C/sketch/DueTimer.cpp.o
                0x00080668                TC8_Handler
 .text.startup._GLOBAL__sub_I__ZN8DueTimer6TimersE
                0x00080684       0x64 /tmp/arduino-sketch-60601E723012CCD8F0C11AE345A3396C/sketch/DueTimer.cpp.o
 .text._Z12onCountTimerv
                0x000806e8       0x28 /tmp/arduino-sketch-60601E723012CCD8F0C11AE345A3396C/sketch/drive_new_pwm.ino.cpp.o
                0x000806e8                onCountTimer()
 .text._Z12onLFTEncoderv
                0x00080710       0x10 /tmp/arduino-sketch-60601E723012CCD8F0C11AE345A3396C/sketch/drive_new_pwm.ino.cpp.o
                0x00080710                onLFTEncoder()
 .text._Z12onRGTEncoderv
                0x00080720       0x10 /tmp/arduino-sketch-60601E723012CCD8F0C11AE345A3396C/sketch/drive_new_pwm.ino.cpp.o
                0x00080720                onRGTEncoder()
 .text._Z10onPWMTimerv
                0x00080730       0x98 /tmp/arduino-sketch-60601E723012CCD8F0C11AE345A3396C/sketch/drive_new_pwm.ino.cpp.o
                0x00080730                onPWMTimer()
 .text._Z10onLogTimerv
                0x000807c8       0xd8 /tmp/arduino-sketch-60601E723012CCD8F0C11AE345A3396C/sketch/drive_new_pwm.ino.cpp.o
                0x000807c8                onLogTimer()
 .text._Z12platformStopv
                0x000808a0       0x14 /tmp/arduino-sketch-60601E723012CCD8F0C11AE345A3396C/sketch/drive_new_pwm.ino.cpp.o
                0x000808a0                platformStop()
 .text._Z15platformForwardv
                0x000808b4       0x14 /tmp/arduino-sketch-60601E723012CCD8F0C11AE345A3396C/sketch/drive_new_pwm.ino.cpp.o
                0x000808b4                platformForward()
 .text._Z9setupPinsv
                0x000808c8       0x3e /tmp/arduino-sketch-60601E723012CCD8F0C11AE345A3396C/sketch/drive_new_pwm.ino.cpp.o
                0x000808c8                setupPins()
 *fill*         0x00080906        0x2 
 .text._Z11setupTimersv
                0x00080908       0x70 /tmp/arduino-sketch-60601E723012CCD8F0C11AE345A3396C/sketch/drive_new_pwm.ino.cpp.o
                0x00080908                setupTimers()
 .text._Z15setupInterruptsv
                0x00080978       0x24 /tmp/arduino-sketch-60601E723012CCD8F0C11AE345A3396C/sketch/drive_new_pwm.ino.cpp.o
                0x00080978                setupInterrupts()
 .text._Z10chenge_pwmci
                0x0008099c       0x44 /tmp/arduino-sketch-60601E723012CCD8F0C11AE345A3396C/sketch/drive_new_pwm.ino.cpp.o
                0x0008099c                chenge_pwm(char, int)
 .text._Z11setupSerialv
                0x000809e0       0x10 /tmp/arduino-sketch-60601E723012CCD8F0C11AE345A3396C/sketch/drive_new_pwm.ino.cpp.o
                0x000809e0                setupSerial()
 .text.setup    0x000809f0       0x16 /tmp/arduino-sketch-60601E723012CCD8F0C11AE345A3396C/sketch/drive_new_pwm.ino.cpp.o
                0x000809f0                setup
 *fill*         0x00080a06        0x2 
 .text.loop     0x00080a08      0x148 /tmp/arduino-sketch-60601E723012CCD8F0C11AE345A3396C/sketch/drive_new_pwm.ino.cpp.o
                0x00080a08                loop
 .text._Z11serialEventv
                0x00080b50        0x2 /tmp/arduino-sketch-60601E723012CCD8F0C11AE345A3396C/core/variant.cpp.o
                0x00080b50                serialEvent()
 *fill*         0x00080b52        0x2 
 .text.UART_Handler
                0x00080b54        0xc /tmp/arduino-sketch-60601E723012CCD8F0C11AE345A3396C/core/variant.cpp.o
                0x00080b54                UART_Handler
 .text._Z12serialEvent1v
                0x00080b60        0x2 /tmp/arduino-sketch-60601E723012CCD8F0C11AE345A3396C/core/variant.cpp.o
                0x00080b60                serialEvent1()
 .text._Z12serialEvent2v
                0x00080b62        0x2 /tmp/arduino-sketch-60601E723012CCD8F0C11AE345A3396C/core/variant.cpp.o
                0x00080b62                serialEvent2()
 .text._Z12serialEvent3v
                0x00080b64        0x2 /tmp/arduino-sketch-60601E723012CCD8F0C11AE345A3396C/core/variant.cpp.o
                0x00080b64                serialEvent3()
 *fill*         0x00080b66        0x2 
 .text.USART0_Handler
                0x00080b68        0xc /tmp/arduino-sketch-60601E723012CCD8F0C11AE345A3396C/core/variant.cpp.o
                0x00080b68                USART0_Handler
 .text.USART1_Handler
                0x00080b74        0xc /tmp/arduino-sketch-60601E723012CCD8F0C11AE345A3396C/core/variant.cpp.o
                0x00080b74                USART1_Handler
 .text.USART3_Handler
                0x00080b80        0xc /tmp/arduino-sketch-60601E723012CCD8F0C11AE345A3396C/core/variant.cpp.o
                0x00080b80                USART3_Handler
 .text.init     0x00080b8c      0x128 /tmp/arduino-sketch-60601E723012CCD8F0C11AE345A3396C/core/variant.cpp.o
                0x00080b8c                init
 .text.startup._GLOBAL__sub_I_g_APinDescription
                0x00080cb4       0xd4 /tmp/arduino-sketch-60601E723012CCD8F0C11AE345A3396C/core/variant.cpp.o
 .text._Z14serialEventRunv
                0x00080d88       0x44 /tmp/arduino-sketch-60601E723012CCD8F0C11AE345A3396C/core/variant.cpp.o
                0x00080d88                serialEventRun()
 .text.PIO_PullUp
                0x00080dcc        0xa /home/orangepi/.arduino15/packages/arduino/hardware/sam/1.6.12/variants/arduino_due_x/libsam_sam3x8e_gcc_rel.a(pio.o)
                0x00080dcc                PIO_PullUp
 .text.PIO_Get  0x00080dd6       0x14 /home/orangepi/.arduino15/packages/arduino/hardware/sam/1.6.12/variants/arduino_due_x/libsam_sam3x8e_gcc_rel.a(pio.o)
                0x00080dd6                PIO_Get
 .text.PIO_SetPeripheral
                0x00080dea       0x26 /home/orangepi/.arduino15/packages/arduino/hardware/sam/1.6.12/variants/arduino_due_x/libsam_sam3x8e_gcc_rel.a(pio.o)
                0x00080dea                PIO_SetPeripheral
 .text.PIO_SetInput
                0x00080e10       0x26 /home/orangepi/.arduino15/packages/arduino/hardware/sam/1.6.12/variants/arduino_due_x/libsam_sam3x8e_gcc_rel.a(pio.o)
                0x00080e10                PIO_SetInput
 .text.PIO_SetOutput
                0x00080e36       0x24 /home/orangepi/.arduino15/packages/arduino/hardware/sam/1.6.12/variants/arduino_due_x/libsam_sam3x8e_gcc_rel.a(pio.o)
                0x00080e36                PIO_SetOutput
 *fill*         0x00080e5a        0x2 
 .text.PIO_Configure
                0x00080e5c       0x64 /home/orangepi/.arduino15/packages/arduino/hardware/sam/1.6.12/variants/arduino_due_x/libsam_sam3x8e_gcc_rel.a(pio.o)
                0x00080e5c                PIO_Configure
 .text.PIO_GetOutputDataStatus
                0x00080ec0       0x14 /home/orangepi/.arduino15/packages/arduino/hardware/sam/1.6.12/variants/arduino_due_x/libsam_sam3x8e_gcc_rel.a(pio.o)
                0x00080ec0                PIO_GetOutputDataStatus
 .text.pmc_enable_upll_clock
                0x00080ed4       0x14 /home/orangepi/.arduino15/packages/arduino/hardware/sam/1.6.12/variants/arduino_due_x/libsam_sam3x8e_gcc_rel.a(pmc.o)
                0x00080ed4                pmc_enable_upll_clock
 .text.pmc_enable_periph_clk
                0x00080ee8       0x44 /home/orangepi/.arduino15/packages/arduino/hardware/sam/1.6.12/variants/arduino_due_x/libsam_sam3x8e_gcc_rel.a(pmc.o)
                0x00080ee8                pmc_enable_periph_clk
 .text.pmc_disable_periph_clk
                0x00080f2c       0x40 /home/orangepi/.arduino15/packages/arduino/hardware/sam/1.6.12/variants/arduino_due_x/libsam_sam3x8e_gcc_rel.a(pmc.o)
                0x00080f2c                pmc_disable_periph_clk
 .text.pmc_switch_udpck_to_upllck
                0x00080f6c       0x14 /home/orangepi/.arduino15/packages/arduino/hardware/sam/1.6.12/variants/arduino_due_x/libsam_sam3x8e_gcc_rel.a(pmc.o)
                0x00080f6c                pmc_switch_udpck_to_upllck
 .text.pmc_enable_udpck
                0x00080f80        0xc /home/orangepi/.arduino15/packages/arduino/hardware/sam/1.6.12/variants/arduino_due_x/libsam_sam3x8e_gcc_rel.a(pmc.o)
                0x00080f80                pmc_enable_udpck
 .text.pmc_set_writeprotect
                0x00080f8c       0x1c /home/orangepi/.arduino15/packages/arduino/hardware/sam/1.6.12/variants/arduino_due_x/libsam_sam3x8e_gcc_rel.a(pmc.o)
                0x00080f8c                pmc_set_writeprotect
 .text.TC_Configure
                0x00080fa8       0x38 /home/orangepi/.arduino15/packages/arduino/hardware/sam/1.6.12/variants/arduino_due_x/libsam_sam3x8e_gcc_rel.a(tc.o)
                0x00080fa8                TC_Configure
 .text.TC_Start
                0x00080fe0       0x2c /home/orangepi/.arduino15/packages/arduino/hardware/sam/1.6.12/variants/arduino_due_x/libsam_sam3x8e_gcc_rel.a(tc.o)
                0x00080fe0                TC_Start
 .text.TC_GetStatus
                0x0008100c        0x8 /home/orangepi/.arduino15/packages/arduino/hardware/sam/1.6.12/variants/arduino_due_x/libsam_sam3x8e_gcc_rel.a(tc.o)
                0x0008100c                TC_GetStatus
 .text.TC_SetRC
                0x00081014        0x8 /home/orangepi/.arduino15/packages/arduino/hardware/sam/1.6.12/variants/arduino_due_x/libsam_sam3x8e_gcc_rel.a(tc.o)
                0x00081014                TC_SetRC
 .text.SystemInit
                0x0008101c       0x88 /home/orangepi/.arduino15/packages/arduino/hardware/sam/1.6.12/variants/arduino_due_x/libsam_sam3x8e_gcc_rel.a(system_sam3xa.o)
                0x0008101c                SystemInit
 .text.Reset_Handler
                0x000810a4       0x78 /home/orangepi/.arduino15/packages/arduino/hardware/sam/1.6.12/variants/arduino_due_x/libsam_sam3x8e_gcc_rel.a(startup_sam3xa.o)
                0x000810a4                Reset_Handler
 .text.adc_init
                0x0008111c       0x98 /home/orangepi/.arduino15/packages/arduino/hardware/sam/1.6.12/variants/arduino_due_x/libsam_sam3x8e_gcc_rel.a(adc.o)
                0x0008111c                adc_init
 .text.adc_configure_trigger
                0x000811b4        0xe /home/orangepi/.arduino15/packages/arduino/hardware/sam/1.6.12/variants/arduino_due_x/libsam_sam3x8e_gcc_rel.a(adc.o)
                0x000811b4                adc_configure_trigger
 .text.adc_configure_timing
                0x000811c2       0x1a /home/orangepi/.arduino15/packages/arduino/hardware/sam/1.6.12/variants/arduino_due_x/libsam_sam3x8e_gcc_rel.a(adc.o)
                0x000811c2                adc_configure_timing
 .text.adc_start
                0x000811dc        0x6 /home/orangepi/.arduino15/packages/arduino/hardware/sam/1.6.12/variants/arduino_due_x/libsam_sam3x8e_gcc_rel.a(adc.o)
                0x000811dc                adc_start
 .text.adc_enable_channel
                0x000811e2        0xa /home/orangepi/.arduino15/packages/arduino/hardware/sam/1.6.12/variants/arduino_due_x/libsam_sam3x8e_gcc_rel.a(adc.o)
                0x000811e2                adc_enable_channel
 .text.adc_disable_channel
                0x000811ec        0xa /home/orangepi/.arduino15/packages/arduino/hardware/sam/1.6.12/variants/arduino_due_x/libsam_sam3x8e_gcc_rel.a(adc.o)
                0x000811ec                adc_disable_channel
 .text.adc_disable_all_channel
                0x000811f6        0x8 /home/orangepi/.arduino15/packages/arduino/hardware/sam/1.6.12/variants/arduino_due_x/libsam_sam3x8e_gcc_rel.a(adc.o)
                0x000811f6                adc_disable_all_channel
 .text.adc_get_channel_status
                0x000811fe        0xa /home/orangepi/.arduino15/packages/arduino/hardware/sam/1.6.12/variants/arduino_due_x/libsam_sam3x8e_gcc_rel.a(adc.o)
                0x000811fe                adc_get_channel_status
 .text.adc_get_latest_value
                0x00081208        0x4 /home/orangepi/.arduino15/packages/arduino/hardware/sam/1.6.12/variants/arduino_due_x/libsam_sam3x8e_gcc_rel.a(adc.o)
                0x00081208                adc_get_latest_value
 .text.adc_disable_interrupt
                0x0008120c        0x4 /home/orangepi/.arduino15/packages/arduino/hardware/sam/1.6.12/variants/arduino_due_x/libsam_sam3x8e_gcc_rel.a(adc.o)
                0x0008120c                adc_disable_interrupt
 .text.adc_get_status
                0x00081210        0x4 /home/orangepi/.arduino15/packages/arduino/hardware/sam/1.6.12/variants/arduino_due_x/libsam_sam3x8e_gcc_rel.a(adc.o)
                0x00081210                adc_get_status
 .text.UOTGHS_Handler
                0x00081214       0x10 /home/orangepi/.arduino15/packages/arduino/hardware/sam/1.6.12/variants/arduino_due_x/libsam_sam3x8e_gcc_rel.a(uotghs.o)
                0x00081214                UOTGHS_Handler
 .text.attachInterrupt
                0x00081224      0x148 /tmp/arduino-sketch-60601E723012CCD8F0C11AE345A3396C/../arduino-core-cache/core_arduino_sam_arduino_due_x_dbg_12c81cb0a6aff8488538f97208e21652.a(WInterrupts.c.o)
                0x00081224                attachInterrupt
 .text.PIOA_Handler
                0x0008136c       0x38 /tmp/arduino-sketch-60601E723012CCD8F0C11AE345A3396C/../arduino-core-cache/core_arduino_sam_arduino_due_x_dbg_12c81cb0a6aff8488538f97208e21652.a(WInterrupts.c.o)
                0x0008136c                PIOA_Handler
 .text.PIOB_Handler
                0x000813a4       0x38 /tmp/arduino-sketch-60601E723012CCD8F0C11AE345A3396C/../arduino-core-cache/core_arduino_sam_arduino_due_x_dbg_12c81cb0a6aff8488538f97208e21652.a(WInterrupts.c.o)
                0x000813a4                PIOB_Handler
 .text.PIOC_Handler
                0x000813dc       0x38 /tmp/arduino-sketch-60601E723012CCD8F0C11AE345A3396C/../arduino-core-cache/core_arduino_sam_arduino_due_x_dbg_12c81cb0a6aff8488538f97208e21652.a(WInterrupts.c.o)
                0x000813dc                PIOC_Handler
 .text.PIOD_Handler
                0x00081414       0x38 /tmp/arduino-sketch-60601E723012CCD8F0C11AE345A3396C/../arduino-core-cache/core_arduino_sam_arduino_due_x_dbg_12c81cb0a6aff8488538f97208e21652.a(WInterrupts.c.o)
                0x00081414                PIOD_Handler
 .text.__halt   0x0008144c        0x2 /tmp/arduino-sketch-60601E723012CCD8F0C11AE345A3396C/../arduino-core-cache/core_arduino_sam_arduino_due_x_dbg_12c81cb0a6aff8488538f97208e21652.a(cortex_handlers.c.o)
                0x0008144c                DACC_Handler
                0x0008144c                DebugMon_Handler
                0x0008144c                DMAC_Handler
                0x0008144c                TRNG_Handler
                0x0008144c                HardFault_Handler
                0x0008144c                TWI1_Handler
                0x0008144c                NMI_Handler
                0x0008144c                ADC_Handler
                0x0008144c                SMC_Handler
                0x0008144c                RTT_Handler
                0x0008144c                EFC1_Handler
                0x0008144c                RTC_Handler
                0x0008144c                UsageFault_Handler
                0x0008144c                WDT_Handler
                0x0008144c                CAN0_Handler
                0x0008144c                HSMCI_Handler
                0x0008144c                TWI0_Handler
                0x0008144c                SSC_Handler
                0x0008144c                EFC0_Handler
                0x0008144c                PMC_Handler
                0x0008144c                PWM_Handler
                0x0008144c                CAN1_Handler
                0x0008144c                MemManage_Handler
                0x0008144c                SUPC_Handler
                0x0008144c                USART2_Handler
                0x0008144c                EMAC_Handler
                0x0008144c                BusFault_Handler
                0x0008144c                RSTC_Handler
                0x0008144c                SPI0_Handler
 .text.SVC_Handler
                0x0008144e        0x4 /tmp/arduino-sketch-60601E723012CCD8F0C11AE345A3396C/../arduino-core-cache/core_arduino_sam_arduino_due_x_dbg_12c81cb0a6aff8488538f97208e21652.a(cortex_handlers.c.o)
                0x0008144e                SVC_Handler
 .text.PendSV_Handler
                0x00081452        0x4 /tmp/arduino-sketch-60601E723012CCD8F0C11AE345A3396C/../arduino-core-cache/core_arduino_sam_arduino_due_x_dbg_12c81cb0a6aff8488538f97208e21652.a(cortex_handlers.c.o)
                0x00081452                PendSV_Handler
 .text.SysTick_Handler
                0x00081456       0x16 /tmp/arduino-sketch-60601E723012CCD8F0C11AE345A3396C/../arduino-core-cache/core_arduino_sam_arduino_due_x_dbg_12c81cb0a6aff8488538f97208e21652.a(cortex_handlers.c.o)
                0x00081456                SysTick_Handler
 .text.__empty  0x0008146c        0x2 /tmp/arduino-sketch-60601E723012CCD8F0C11AE345A3396C/../arduino-core-cache/core_arduino_sam_arduino_due_x_dbg_12c81cb0a6aff8488538f97208e21652.a(hooks.c.o)
                0x0008146c                yield
 .text.__false  0x0008146e        0x4 /tmp/arduino-sketch-60601E723012CCD8F0C11AE345A3396C/../arduino-core-cache/core_arduino_sam_arduino_due_x_dbg_12c81cb0a6aff8488538f97208e21652.a(hooks.c.o)
                0x0008146e                sysTickHook
 .text.__halt   0x00081472        0x2 /tmp/arduino-sketch-60601E723012CCD8F0C11AE345A3396C/../arduino-core-cache/core_arduino_sam_arduino_due_x_dbg_12c81cb0a6aff8488538f97208e21652.a(hooks.c.o)
                0x00081472                pendSVHook
                0x00081472                svcHook
 .text._sbrk    0x00081474       0x1c /tmp/arduino-sketch-60601E723012CCD8F0C11AE345A3396C/../arduino-core-cache/core_arduino_sam_arduino_due_x_dbg_12c81cb0a6aff8488538f97208e21652.a(syscalls_sam3.c.o)
                0x00081474                _sbrk
 .text.link     0x00081490        0x6 /tmp/arduino-sketch-60601E723012CCD8F0C11AE345A3396C/../arduino-core-cache/core_arduino_sam_arduino_due_x_dbg_12c81cb0a6aff8488538f97208e21652.a(syscalls_sam3.c.o)
                0x00081490                link
 .text._close   0x00081496        0x6 /tmp/arduino-sketch-60601E723012CCD8F0C11AE345A3396C/../arduino-core-cache/core_arduino_sam_arduino_due_x_dbg_12c81cb0a6aff8488538f97208e21652.a(syscalls_sam3.c.o)
                0x00081496                _close
 .text._fstat   0x0008149c        0xa /tmp/arduino-sketch-60601E723012CCD8F0C11AE345A3396C/../arduino-core-cache/core_arduino_sam_arduino_due_x_dbg_12c81cb0a6aff8488538f97208e21652.a(syscalls_sam3.c.o)
                0x0008149c                _fstat
 .text._isatty  0x000814a6        0x4 /tmp/arduino-sketch-60601E723012CCD8F0C11AE345A3396C/../arduino-core-cache/core_arduino_sam_arduino_due_x_dbg_12c81cb0a6aff8488538f97208e21652.a(syscalls_sam3.c.o)
                0x000814a6                _isatty
 .text._lseek   0x000814aa        0x4 /tmp/arduino-sketch-60601E723012CCD8F0C11AE345A3396C/../arduino-core-cache/core_arduino_sam_arduino_due_x_dbg_12c81cb0a6aff8488538f97208e21652.a(syscalls_sam3.c.o)
                0x000814aa                _lseek
 .text._read    0x000814ae        0x4 /tmp/arduino-sketch-60601E723012CCD8F0C11AE345A3396C/../arduino-core-cache/core_arduino_sam_arduino_due_x_dbg_12c81cb0a6aff8488538f97208e21652.a(syscalls_sam3.c.o)
                0x000814ae                _read
 *fill*         0x000814b2        0x2 
 .text._write   0x000814b4       0x24 /tmp/arduino-sketch-60601E723012CCD8F0C11AE345A3396C/../arduino-core-cache/core_arduino_sam_arduino_due_x_dbg_12c81cb0a6aff8488538f97208e21652.a(syscalls_sam3.c.o)
                0x000814b4                _write
 .text._exit    0x000814d8        0x2 /tmp/arduino-sketch-60601E723012CCD8F0C11AE345A3396C/../arduino-core-cache/core_arduino_sam_arduino_due_x_dbg_12c81cb0a6aff8488538f97208e21652.a(syscalls_sam3.c.o)
                0x000814d8                _exit
 .text._kill    0x000814da        0x2 /tmp/arduino-sketch-60601E723012CCD8F0C11AE345A3396C/../arduino-core-cache/core_arduino_sam_arduino_due_x_dbg_12c81cb0a6aff8488538f97208e21652.a(syscalls_sam3.c.o)
                0x000814da                _kill
 .text._getpid  0x000814dc        0x6 /tmp/arduino-sketch-60601E723012CCD8F0C11AE345A3396C/../arduino-core-cache/core_arduino_sam_arduino_due_x_dbg_12c81cb0a6aff8488538f97208e21652.a(syscalls_sam3.c.o)
                0x000814dc                _getpid
 .text.mapResolution
                0x000814e2       0x12 /tmp/arduino-sketch-60601E723012CCD8F0C11AE345A3396C/../arduino-core-cache/core_arduino_sam_arduino_due_x_dbg_12c81cb0a6aff8488538f97208e21652.a(wiring_analog.c.o)
 .text.analogRead
                0x000814f4       0x9c /tmp/arduino-sketch-60601E723012CCD8F0C11AE345A3396C/../arduino-core-cache/core_arduino_sam_arduino_due_x_dbg_12c81cb0a6aff8488538f97208e21652.a(wiring_analog.c.o)
                0x000814f4                analogRead
 .text.analogOutputInit
                0x00081590        0x2 /tmp/arduino-sketch-60601E723012CCD8F0C11AE345A3396C/../arduino-core-cache/core_arduino_sam_arduino_due_x_dbg_12c81cb0a6aff8488538f97208e21652.a(wiring_analog.c.o)
                0x00081590                analogOutputInit
 *fill*         0x00081592        0x2 
 .text.pinMode  0x00081594      0x108 /tmp/arduino-sketch-60601E723012CCD8F0C11AE345A3396C/../arduino-core-cache/core_arduino_sam_arduino_due_x_dbg_12c81cb0a6aff8488538f97208e21652.a(wiring_digital.c.o)
                0x00081594                pinMode
 .text.digitalWrite
                0x0008169c       0x70 /tmp/arduino-sketch-60601E723012CCD8F0C11AE345A3396C/../arduino-core-cache/core_arduino_sam_arduino_due_x_dbg_12c81cb0a6aff8488538f97208e21652.a(wiring_digital.c.o)
                0x0008169c                digitalWrite
 .text.digitalRead
                0x0008170c       0x44 /tmp/arduino-sketch-60601E723012CCD8F0C11AE345A3396C/../arduino-core-cache/core_arduino_sam_arduino_due_x_dbg_12c81cb0a6aff8488538f97208e21652.a(wiring_digital.c.o)
                0x0008170c                digitalRead
 .text._ZN5Print5writeEPKhj
                0x00081750       0x22 /tmp/arduino-sketch-60601E723012CCD8F0C11AE345A3396C/../arduino-core-cache/core_arduino_sam_arduino_due_x_dbg_12c81cb0a6aff8488538f97208e21652.a(Print.cpp.o)
                0x00081750                Print::write(unsigned char const*, unsigned int)
 .text._ZN5Print5printEmi.part.3
                0x00081772        0xc /tmp/arduino-sketch-60601E723012CCD8F0C11AE345A3396C/../arduino-core-cache/core_arduino_sam_arduino_due_x_dbg_12c81cb0a6aff8488538f97208e21652.a(Print.cpp.o)
 .text._ZN5Print5writeEPKc
                0x0008177e       0x1e /tmp/arduino-sketch-60601E723012CCD8F0C11AE345A3396C/../arduino-core-cache/core_arduino_sam_arduino_due_x_dbg_12c81cb0a6aff8488538f97208e21652.a(Print.cpp.o)
                0x0008177e                Print::write(char const*)
 .text._ZN5Print5printEPKc
                0x0008179c        0x8 /tmp/arduino-sketch-60601E723012CCD8F0C11AE345A3396C/../arduino-core-cache/core_arduino_sam_arduino_due_x_dbg_12c81cb0a6aff8488538f97208e21652.a(Print.cpp.o)
                0x0008179c                Print::print(char const*)
 .text._ZN5Print5printEc
                0x000817a4        0xa /tmp/arduino-sketch-60601E723012CCD8F0C11AE345A3396C/../arduino-core-cache/core_arduino_sam_arduino_due_x_dbg_12c81cb0a6aff8488538f97208e21652.a(Print.cpp.o)
                0x000817a4                Print::print(char)
 *fill*         0x000817ae        0x2 
 .text._ZN5Print7printlnEv
                0x000817b0       0x10 /tmp/arduino-sketch-60601E723012CCD8F0C11AE345A3396C/../arduino-core-cache/core_arduino_sam_arduino_due_x_dbg_12c81cb0a6aff8488538f97208e21652.a(Print.cpp.o)
                0x000817b0                Print::println()
 .text._ZN5Print7printlnEPKc
                0x000817c0       0x14 /tmp/arduino-sketch-60601E723012CCD8F0C11AE345A3396C/../arduino-core-cache/core_arduino_sam_arduino_due_x_dbg_12c81cb0a6aff8488538f97208e21652.a(Print.cpp.o)
                0x000817c0                Print::println(char const*)
 .text._ZN5Print11printNumberEmh
                0x000817d4       0x3e /tmp/arduino-sketch-60601E723012CCD8F0C11AE345A3396C/../arduino-core-cache/core_arduino_sam_arduino_due_x_dbg_12c81cb0a6aff8488538f97208e21652.a(Print.cpp.o)
                0x000817d4                Print::printNumber(unsigned long, unsigned char)
 .text._ZN5Print5printEli
                0x00081812       0x3c /tmp/arduino-sketch-60601E723012CCD8F0C11AE345A3396C/../arduino-core-cache/core_arduino_sam_arduino_due_x_dbg_12c81cb0a6aff8488538f97208e21652.a(Print.cpp.o)
                0x00081812                Print::print(long, int)
 .text._ZN5Print5printEii
                0x0008184e        0x4 /tmp/arduino-sketch-60601E723012CCD8F0C11AE345A3396C/../arduino-core-cache/core_arduino_sam_arduino_due_x_dbg_12c81cb0a6aff8488538f97208e21652.a(Print.cpp.o)
                0x0008184e                Print::print(int, int)
 .text._ZN5Print7printlnEii
                0x00081852       0x14 /tmp/arduino-sketch-60601E723012CCD8F0C11AE345A3396C/../arduino-core-cache/core_arduino_sam_arduino_due_x_dbg_12c81cb0a6aff8488538f97208e21652.a(Print.cpp.o)
                0x00081852                Print::println(int, int)
 .text._ZN5Print5printEmi
                0x00081866        0xc /tmp/arduino-sketch-60601E723012CCD8F0C11AE345A3396C/../arduino-core-cache/core_arduino_sam_arduino_due_x_dbg_12c81cb0a6aff8488538f97208e21652.a(Print.cpp.o)
                0x00081866                Print::print(unsigned long, int)
 *fill*         0x00081872        0x2 
 .text.initiateReset
                0x00081874        0xc /tmp/arduino-sketch-60601E723012CCD8F0C11AE345A3396C/../arduino-core-cache/core_arduino_sam_arduino_due_x_dbg_12c81cb0a6aff8488538f97208e21652.a(Reset.cpp.o)
                0x00081874                initiateReset
 .text.cancelReset
                0x00081880       0x10 /tmp/arduino-sketch-60601E723012CCD8F0C11AE345A3396C/../arduino-core-cache/core_arduino_sam_arduino_due_x_dbg_12c81cb0a6aff8488538f97208e21652.a(Reset.cpp.o)
                0x00081880                cancelReset
 .text.tickReset
                0x00081890       0x20 /tmp/arduino-sketch-60601E723012CCD8F0C11AE345A3396C/../arduino-core-cache/core_arduino_sam_arduino_due_x_dbg_12c81cb0a6aff8488538f97208e21652.a(Reset.cpp.o)
                0x00081890                tickReset
 .text._ZN10RingBufferC2Ev
                0x000818b0       0x1a /tmp/arduino-sketch-60601E723012CCD8F0C11AE345A3396C/../arduino-core-cache/core_arduino_sam_arduino_due_x_dbg_12c81cb0a6aff8488538f97208e21652.a(RingBuffer.cpp.o)
                0x000818b0                RingBuffer::RingBuffer()
                0x000818b0                RingBuffer::RingBuffer()
 .text._ZN10RingBuffer10store_charEh
                0x000818ca       0x1e /tmp/arduino-sketch-60601E723012CCD8F0C11AE345A3396C/../arduino-core-cache/core_arduino_sam_arduino_due_x_dbg_12c81cb0a6aff8488538f97208e21652.a(RingBuffer.cpp.o)
                0x000818ca                RingBuffer::store_char(unsigned char)
 .text._ZN9UARTClasscvbEv
                0x000818e8        0x4 /tmp/arduino-sketch-60601E723012CCD8F0C11AE345A3396C/../arduino-core-cache/core_arduino_sam_arduino_due_x_dbg_12c81cb0a6aff8488538f97208e21652.a(UARTClass.cpp.o)
                0x000818e8                UARTClass::operator bool()
 .text._ZN9UARTClass9availableEv
                0x000818ec       0x12 /tmp/arduino-sketch-60601E723012CCD8F0C11AE345A3396C/../arduino-core-cache/core_arduino_sam_arduino_due_x_dbg_12c81cb0a6aff8488538f97208e21652.a(UARTClass.cpp.o)
                0x000818ec                UARTClass::available()
 .text._ZN9UARTClass4peekEv
                0x000818fe       0x1c /tmp/arduino-sketch-60601E723012CCD8F0C11AE345A3396C/../arduino-core-cache/core_arduino_sam_arduino_due_x_dbg_12c81cb0a6aff8488538f97208e21652.a(UARTClass.cpp.o)
                0x000818fe                UARTClass::peek()
 .text._ZN9UARTClass4readEv
                0x0008191a       0x2a /tmp/arduino-sketch-60601E723012CCD8F0C11AE345A3396C/../arduino-core-cache/core_arduino_sam_arduino_due_x_dbg_12c81cb0a6aff8488538f97208e21652.a(UARTClass.cpp.o)
                0x0008191a                UARTClass::read()
 .text._ZN9UARTClass5flushEv
                0x00081944       0x18 /tmp/arduino-sketch-60601E723012CCD8F0C11AE345A3396C/../arduino-core-cache/core_arduino_sam_arduino_due_x_dbg_12c81cb0a6aff8488538f97208e21652.a(UARTClass.cpp.o)
                0x00081944                UARTClass::flush()
 .text._ZN9UARTClass5writeEh
                0x0008195c       0x54 /tmp/arduino-sketch-60601E723012CCD8F0C11AE345A3396C/../arduino-core-cache/core_arduino_sam_arduino_due_x_dbg_12c81cb0a6aff8488538f97208e21652.a(UARTClass.cpp.o)
                0x0008195c                UARTClass::write(unsigned char)
 .text._ZN9UARTClass3endEv
                0x000819b0       0x3c /tmp/arduino-sketch-60601E723012CCD8F0C11AE345A3396C/../arduino-core-cache/core_arduino_sam_arduino_due_x_dbg_12c81cb0a6aff8488538f97208e21652.a(UARTClass.cpp.o)
                0x000819b0                UARTClass::end()
 .text._ZN9UARTClassC2EP4Uart4IRQnmP10RingBufferS4_
                0x000819ec       0x24 /tmp/arduino-sketch-60601E723012CCD8F0C11AE345A3396C/../arduino-core-cache/core_arduino_sam_arduino_due_x_dbg_12c81cb0a6aff8488538f97208e21652.a(UARTClass.cpp.o)
                0x000819ec                UARTClass::UARTClass(Uart*, IRQn, unsigned long, RingBuffer*, RingBuffer*)
                0x000819ec                UARTClass::UARTClass(Uart*, IRQn, unsigned long, RingBuffer*, RingBuffer*)
 .text._ZN9UARTClass4initEmm
                0x00081a10       0x70 /tmp/arduino-sketch-60601E723012CCD8F0C11AE345A3396C/../arduino-core-cache/core_arduino_sam_arduino_due_x_dbg_12c81cb0a6aff8488538f97208e21652.a(UARTClass.cpp.o)
                0x00081a10                UARTClass::init(unsigned long, unsigned long)
 .text._ZN9UARTClass5beginEm
                0x00081a80        0x8 /tmp/arduino-sketch-60601E723012CCD8F0C11AE345A3396C/../arduino-core-cache/core_arduino_sam_arduino_due_x_dbg_12c81cb0a6aff8488538f97208e21652.a(UARTClass.cpp.o)
                0x00081a80                UARTClass::begin(unsigned long)
 .text._ZN9UARTClass10IrqHandlerEv
                0x00081a88       0x5a /tmp/arduino-sketch-60601E723012CCD8F0C11AE345A3396C/../arduino-core-cache/core_arduino_sam_arduino_due_x_dbg_12c81cb0a6aff8488538f97208e21652.a(UARTClass.cpp.o)
                0x00081a88                UARTClass::IrqHandler()
 .text._ZN10USARTClass5beginEm
                0x00081ae2        0x8 /tmp/arduino-sketch-60601E723012CCD8F0C11AE345A3396C/../arduino-core-cache/core_arduino_sam_arduino_due_x_dbg_12c81cb0a6aff8488538f97208e21652.a(USARTClass.cpp.o)
                0x00081ae2                USARTClass::begin(unsigned long)
 *fill*         0x00081aea        0x2 
 .text._ZN10USARTClassC2EP5Usart4IRQnmP10RingBufferS4_
                0x00081aec       0x24 /tmp/arduino-sketch-60601E723012CCD8F0C11AE345A3396C/../arduino-core-cache/core_arduino_sam_arduino_due_x_dbg_12c81cb0a6aff8488538f97208e21652.a(USARTClass.cpp.o)
                0x00081aec                USARTClass::USARTClass(Usart*, IRQn, unsigned long, RingBuffer*, RingBuffer*)
                0x00081aec                USARTClass::USARTClass(Usart*, IRQn, unsigned long, RingBuffer*, RingBuffer*)
 .text.initVariant
                0x00081b10        0x2 /tmp/arduino-sketch-60601E723012CCD8F0C11AE345A3396C/../arduino-core-cache/core_arduino_sam_arduino_due_x_dbg_12c81cb0a6aff8488538f97208e21652.a(main.cpp.o)
                0x00081b10                initVariant
 *fill*         0x00081b12        0x2 
 .text.startup.main
                0x00081b14       0x38 /tmp/arduino-sketch-60601E723012CCD8F0C11AE345A3396C/../arduino-core-cache/core_arduino_sam_arduino_due_x_dbg_12c81cb0a6aff8488538f97208e21652.a(main.cpp.o)
                0x00081b14                main
 .text._watchdogDefaultSetup
                0x00081b4c        0xc /tmp/arduino-sketch-60601E723012CCD8F0C11AE345A3396C/../arduino-core-cache/core_arduino_sam_arduino_due_x_dbg_12c81cb0a6aff8488538f97208e21652.a(watchdog.cpp.o)
                0x00081b4c                watchdogSetup()
                0x00081b4c                _watchdogDefaultSetup
 .text.delay    0x00081b58       0x1c /tmp/arduino-sketch-60601E723012CCD8F0C11AE345A3396C/../arduino-core-cache/core_arduino_sam_arduino_due_x_dbg_12c81cb0a6aff8488538f97208e21652.a(wiring.c.o)
                0x00081b58                delay
 .text.unlikely._ZL11USB_SendZlpv
                0x00081b74       0x20 /tmp/arduino-sketch-60601E723012CCD8F0C11AE345A3396C/../arduino-core-cache/core_arduino_sam_arduino_due_x_dbg_12c81cb0a6aff8488538f97208e21652.a(USBCore.cpp.o)
 .text._Z14USBD_Availablem
                0x00081b94       0x2c /tmp/arduino-sketch-60601E723012CCD8F0C11AE345A3396C/../arduino-core-cache/core_arduino_sam_arduino_due_x_dbg_12c81cb0a6aff8488538f97208e21652.a(USBCore.cpp.o)
                0x00081b94                USBD_Available(unsigned long)
 .text._Z9USBD_RecvmPvm
                0x00081bc0       0x7c /tmp/arduino-sketch-60601E723012CCD8F0C11AE345A3396C/../arduino-core-cache/core_arduino_sam_arduino_due_x_dbg_12c81cb0a6aff8488538f97208e21652.a(USBCore.cpp.o)
                0x00081bc0                USBD_Recv(unsigned long, void*, unsigned long)
 .text._Z9USBD_Recvm
                0x00081c3c       0x22 /tmp/arduino-sketch-60601E723012CCD8F0C11AE345A3396C/../arduino-core-cache/core_arduino_sam_arduino_due_x_dbg_12c81cb0a6aff8488538f97208e21652.a(USBCore.cpp.o)
                0x00081c3c                USBD_Recv(unsigned long)
 *fill*         0x00081c5e        0x2 
 .text._Z9USBD_SendmPKvm
                0x00081c60       0x4c /tmp/arduino-sketch-60601E723012CCD8F0C11AE345A3396C/../arduino-core-cache/core_arduino_sam_arduino_due_x_dbg_12c81cb0a6aff8488538f97208e21652.a(USBCore.cpp.o)
                0x00081c60                USBD_Send(unsigned long, void const*, unsigned long)
 .text._Z16USBD_SendControlhPKvm
                0x00081cac       0x40 /tmp/arduino-sketch-60601E723012CCD8F0C11AE345A3396C/../arduino-core-cache/core_arduino_sam_arduino_due_x_dbg_12c81cb0a6aff8488538f97208e21652.a(USBCore.cpp.o)
                0x00081cac                USBD_SendControl(unsigned char, void const*, unsigned long)
 .text.unlikely._ZL24USB_SendStringDescriptorPKhi
                0x00081cec       0x64 /tmp/arduino-sketch-60601E723012CCD8F0C11AE345A3396C/../arduino-core-cache/core_arduino_sam_arduino_due_x_dbg_12c81cb0a6aff8488538f97208e21652.a(USBCore.cpp.o)
 .text._Z16USBD_RecvControlPvm
                0x00081d50       0x1c /tmp/arduino-sketch-60601E723012CCD8F0C11AE345A3396C/../arduino-core-cache/core_arduino_sam_arduino_due_x_dbg_12c81cb0a6aff8488538f97208e21652.a(USBCore.cpp.o)
                0x00081d50                USBD_RecvControl(void*, unsigned long)
 .text._Z26USBD_ClassInterfaceRequestR8USBSetup
                0x00081d6c       0x1e /tmp/arduino-sketch-60601E723012CCD8F0C11AE345A3396C/../arduino-core-cache/core_arduino_sam_arduino_due_x_dbg_12c81cb0a6aff8488538f97208e21652.a(USBCore.cpp.o)
                0x00081d6c                USBD_ClassInterfaceRequest(USBSetup&)
 .text._Z19USBD_SendInterfacesv
                0x00081d8a       0x22 /tmp/arduino-sketch-60601E723012CCD8F0C11AE345A3396C/../arduino-core-cache/core_arduino_sam_arduino_due_x_dbg_12c81cb0a6aff8488538f97208e21652.a(USBCore.cpp.o)
                0x00081d8a                USBD_SendInterfaces()
 .text._Z24USBD_SendOtherInterfacesv
                0x00081dac       0x22 /tmp/arduino-sketch-60601E723012CCD8F0C11AE345A3396C/../arduino-core-cache/core_arduino_sam_arduino_due_x_dbg_12c81cb0a6aff8488538f97208e21652.a(USBCore.cpp.o)
                0x00081dac                USBD_SendOtherInterfaces()
 .text._Z10USBD_Flushm
                0x00081dce       0x16 /tmp/arduino-sketch-60601E723012CCD8F0C11AE345A3396C/../arduino-core-cache/core_arduino_sam_arduino_due_x_dbg_12c81cb0a6aff8488538f97208e21652.a(USBCore.cpp.o)
                0x00081dce                USBD_Flush(unsigned long)
 .text._ZN10USBDevice_C2Ev
                0x00081de4       0x24 /tmp/arduino-sketch-60601E723012CCD8F0C11AE345A3396C/../arduino-core-cache/core_arduino_sam_arduino_due_x_dbg_12c81cb0a6aff8488538f97208e21652.a(USBCore.cpp.o)
                0x00081de4                USBDevice_::USBDevice_()
                0x00081de4                USBDevice_::USBDevice_()
 .text._ZN10USBDevice_6attachEv
                0x00081e08       0x20 /tmp/arduino-sketch-60601E723012CCD8F0C11AE345A3396C/../arduino-core-cache/core_arduino_sam_arduino_due_x_dbg_12c81cb0a6aff8488538f97208e21652.a(USBCore.cpp.o)
                0x00081e08                USBDevice_::attach()
 .text.startup._GLOBAL__sub_I_EndPoints
                0x00081e28        0xc /tmp/arduino-sketch-60601E723012CCD8F0C11AE345A3396C/../arduino-core-cache/core_arduino_sam_arduino_due_x_dbg_12c81cb0a6aff8488538f97208e21652.a(USBCore.cpp.o)
 .text._ZL7USB_ISRv
                0x00081e34      0x454 /tmp/arduino-sketch-60601E723012CCD8F0C11AE345A3396C/../arduino-core-cache/core_arduino_sam_arduino_due_x_dbg_12c81cb0a6aff8488538f97208e21652.a(USBCore.cpp.o)
 .text._ZN7Serial_9availableEv
                0x00082288       0x18 /tmp/arduino-sketch-60601E723012CCD8F0C11AE345A3396C/../arduino-core-cache/core_arduino_sam_arduino_due_x_dbg_12c81cb0a6aff8488538f97208e21652.a(CDC.cpp.o)
                0x00082288                Serial_::available()
 .text._ZN7Serial_17availableForWriteEv
                0x000822a0        0x6 /tmp/arduino-sketch-60601E723012CCD8F0C11AE345A3396C/../arduino-core-cache/core_arduino_sam_arduino_due_x_dbg_12c81cb0a6aff8488538f97208e21652.a(CDC.cpp.o)
                0x000822a0                Serial_::availableForWrite()
 *fill*         0x000822a6        0x2 
 .text._ZN7Serial_4peekEv
                0x000822a8       0x20 /tmp/arduino-sketch-60601E723012CCD8F0C11AE345A3396C/../arduino-core-cache/core_arduino_sam_arduino_due_x_dbg_12c81cb0a6aff8488538f97208e21652.a(CDC.cpp.o)
                0x000822a8                Serial_::peek()
 .text._ZN7Serial_5writeEh
                0x000822c8       0x16 /tmp/arduino-sketch-60601E723012CCD8F0C11AE345A3396C/../arduino-core-cache/core_arduino_sam_arduino_due_x_dbg_12c81cb0a6aff8488538f97208e21652.a(CDC.cpp.o)
                0x000822c8                Serial_::write(unsigned char)
 *fill*         0x000822de        0x2 
 .text._ZN7Serial_4readEv
                0x000822e0       0x44 /tmp/arduino-sketch-60601E723012CCD8F0C11AE345A3396C/../arduino-core-cache/core_arduino_sam_arduino_due_x_dbg_12c81cb0a6aff8488538f97208e21652.a(CDC.cpp.o)
                0x000822e0                Serial_::read()
 .text._ZN7Serial_5flushEv
                0x00082324        0x6 /tmp/arduino-sketch-60601E723012CCD8F0C11AE345A3396C/../arduino-core-cache/core_arduino_sam_arduino_due_x_dbg_12c81cb0a6aff8488538f97208e21652.a(CDC.cpp.o)
                0x00082324                Serial_::flush()
 *fill*         0x0008232a        0x2 
 .text._ZN7Serial_6acceptEv
                0x0008232c       0x70 /tmp/arduino-sketch-60601E723012CCD8F0C11AE345A3396C/../arduino-core-cache/core_arduino_sam_arduino_due_x_dbg_12c81cb0a6aff8488538f97208e21652.a(CDC.cpp.o)
                0x0008232c                Serial_::accept()
 .text._ZN7Serial_5writeEPKhj
                0x0008239c       0x2c /tmp/arduino-sketch-60601E723012CCD8F0C11AE345A3396C/../arduino-core-cache/core_arduino_sam_arduino_due_x_dbg_12c81cb0a6aff8488538f97208e21652.a(CDC.cpp.o)
                0x0008239c                Serial_::write(unsigned char const*, unsigned int)
 .text._Z16CDC_GetInterfacePh
                0x000823c8       0x14 /tmp/arduino-sketch-60601E723012CCD8F0C11AE345A3396C/../arduino-core-cache/core_arduino_sam_arduino_due_x_dbg_12c81cb0a6aff8488538f97208e21652.a(CDC.cpp.o)
                0x000823c8                CDC_GetInterface(unsigned char*)
 .text._Z21CDC_GetOtherInterfacePh
                0x000823dc       0x14 /tmp/arduino-sketch-60601E723012CCD8F0C11AE345A3396C/../arduino-core-cache/core_arduino_sam_arduino_due_x_dbg_12c81cb0a6aff8488538f97208e21652.a(CDC.cpp.o)
                0x000823dc                CDC_GetOtherInterface(unsigned char*)
 .text._Z9CDC_SetupR8USBSetup
                0x000823f0       0x78 /tmp/arduino-sketch-60601E723012CCD8F0C11AE345A3396C/../arduino-core-cache/core_arduino_sam_arduino_due_x_dbg_12c81cb0a6aff8488538f97208e21652.a(CDC.cpp.o)
                0x000823f0                CDC_Setup(USBSetup&)
 .text.startup._GLOBAL__sub_I_cdc_rx_buffer
                0x00082468       0x1c /tmp/arduino-sketch-60601E723012CCD8F0C11AE345A3396C/../arduino-core-cache/core_arduino_sam_arduino_due_x_dbg_12c81cb0a6aff8488538f97208e21652.a(CDC.cpp.o)
 .text._ZN13PluggableUSB_12getInterfaceEPh
                0x00082484       0x28 /tmp/arduino-sketch-60601E723012CCD8F0C11AE345A3396C/../arduino-core-cache/core_arduino_sam_arduino_due_x_dbg_12c81cb0a6aff8488538f97208e21652.a(PluggableUSB.cpp.o)
                0x00082484                PluggableUSB_::getInterface(unsigned char*)
 .text._ZN13PluggableUSB_13getDescriptorER8USBSetup
                0x000824ac       0x1c /tmp/arduino-sketch-60601E723012CCD8F0C11AE345A3396C/../arduino-core-cache/core_arduino_sam_arduino_due_x_dbg_12c81cb0a6aff8488538f97208e21652.a(PluggableUSB.cpp.o)
                0x000824ac                PluggableUSB_::getDescriptor(USBSetup&)
 .text._ZN13PluggableUSB_12getShortNameEPc
                0x000824c8       0x1c /tmp/arduino-sketch-60601E723012CCD8F0C11AE345A3396C/../arduino-core-cache/core_arduino_sam_arduino_due_x_dbg_12c81cb0a6aff8488538f97208e21652.a(PluggableUSB.cpp.o)
                0x000824c8                PluggableUSB_::getShortName(char*)
 .text._ZN13PluggableUSB_5setupER8USBSetup
                0x000824e4       0x20 /tmp/arduino-sketch-60601E723012CCD8F0C11AE345A3396C/../arduino-core-cache/core_arduino_sam_arduino_due_x_dbg_12c81cb0a6aff8488538f97208e21652.a(PluggableUSB.cpp.o)
                0x000824e4                PluggableUSB_::setup(USBSetup&)
 .text._Z12PluggableUSBv
                0x00082504       0x28 /tmp/arduino-sketch-60601E723012CCD8F0C11AE345A3396C/../arduino-core-cache/core_arduino_sam_arduino_due_x_dbg_12c81cb0a6aff8488538f97208e21652.a(PluggableUSB.cpp.o)
                0x00082504                PluggableUSB()
 .text.TimeTick_Increment
                0x0008252c       0x10 /home/orangepi/.arduino15/packages/arduino/hardware/sam/1.6.12/variants/arduino_due_x/libsam_sam3x8e_gcc_rel.a(timetick.o)
                0x0008252c                TimeTick_Increment
 .text.GetTickCount
                0x0008253c        0xc /home/orangepi/.arduino15/packages/arduino/hardware/sam/1.6.12/variants/arduino_due_x/libsam_sam3x8e_gcc_rel.a(timetick.o)
                0x0008253c                GetTickCount
 .text.WDT_Disable
                0x00082548        0x8 /home/orangepi/.arduino15/packages/arduino/hardware/sam/1.6.12/variants/arduino_due_x/libsam_sam3x8e_gcc_rel.a(wdt.o)
                0x00082548                WDT_Disable
 .text.UDD_SetStack
                0x00082550        0xc /home/orangepi/.arduino15/packages/arduino/hardware/sam/1.6.12/variants/arduino_due_x/libsam_sam3x8e_gcc_rel.a(uotghs_device.o)
                0x00082550                UDD_SetStack
 .text.UDD_Init
                0x0008255c       0xd0 /home/orangepi/.arduino15/packages/arduino/hardware/sam/1.6.12/variants/arduino_due_x/libsam_sam3x8e_gcc_rel.a(uotghs_device.o)
                0x0008255c                UDD_Init
 .text.UDD_Attach
                0x0008262c       0x50 /home/orangepi/.arduino15/packages/arduino/hardware/sam/1.6.12/variants/arduino_due_x/libsam_sam3x8e_gcc_rel.a(uotghs_device.o)
                0x0008262c                UDD_Attach
 .text.UDD_InitEP
                0x0008267c       0x2c /home/orangepi/.arduino15/packages/arduino/hardware/sam/1.6.12/variants/arduino_due_x/libsam_sam3x8e_gcc_rel.a(uotghs_device.o)
                0x0008267c                UDD_InitEP
 .text.UDD_InitEndpoints
                0x000826a8       0x3c /home/orangepi/.arduino15/packages/arduino/hardware/sam/1.6.12/variants/arduino_due_x/libsam_sam3x8e_gcc_rel.a(uotghs_device.o)
                0x000826a8                UDD_InitEndpoints
 .text.UDD_WaitIN
                0x000826e4       0x10 /home/orangepi/.arduino15/packages/arduino/hardware/sam/1.6.12/variants/arduino_due_x/libsam_sam3x8e_gcc_rel.a(uotghs_device.o)
                0x000826e4                UDD_WaitIN
 .text.UDD_WaitOUT
                0x000826f4       0x10 /home/orangepi/.arduino15/packages/arduino/hardware/sam/1.6.12/variants/arduino_due_x/libsam_sam3x8e_gcc_rel.a(uotghs_device.o)
                0x000826f4                UDD_WaitOUT
 .text.UDD_ClearIN
                0x00082704       0x18 /home/orangepi/.arduino15/packages/arduino/hardware/sam/1.6.12/variants/arduino_due_x/libsam_sam3x8e_gcc_rel.a(uotghs_device.o)
                0x00082704                UDD_ClearIN
 .text.UDD_ClearOUT
                0x0008271c       0x18 /home/orangepi/.arduino15/packages/arduino/hardware/sam/1.6.12/variants/arduino_due_x/libsam_sam3x8e_gcc_rel.a(uotghs_device.o)
                0x0008271c                UDD_ClearOUT
 .text.UDD_ReceivedSetupInt
                0x00082734       0x10 /home/orangepi/.arduino15/packages/arduino/hardware/sam/1.6.12/variants/arduino_due_x/libsam_sam3x8e_gcc_rel.a(uotghs_device.o)
                0x00082734                UDD_ReceivedSetupInt
 .text.UDD_ClearSetupInt
                0x00082744       0x10 /home/orangepi/.arduino15/packages/arduino/hardware/sam/1.6.12/variants/arduino_due_x/libsam_sam3x8e_gcc_rel.a(uotghs_device.o)
                0x00082744                UDD_ClearSetupInt
 .text.UDD_Send
                0x00082754       0x88 /home/orangepi/.arduino15/packages/arduino/hardware/sam/1.6.12/variants/arduino_due_x/libsam_sam3x8e_gcc_rel.a(uotghs_device.o)
                0x00082754                UDD_Send
 .text.UDD_Send8
                0x000827dc       0x24 /home/orangepi/.arduino15/packages/arduino/hardware/sam/1.6.12/variants/arduino_due_x/libsam_sam3x8e_gcc_rel.a(uotghs_device.o)
                0x000827dc                UDD_Send8
 .text.UDD_Recv8
                0x00082800       0x28 /home/orangepi/.arduino15/packages/arduino/hardware/sam/1.6.12/variants/arduino_due_x/libsam_sam3x8e_gcc_rel.a(uotghs_device.o)
                0x00082800                UDD_Recv8
 .text.UDD_Recv
                0x00082828       0x34 /home/orangepi/.arduino15/packages/arduino/hardware/sam/1.6.12/variants/arduino_due_x/libsam_sam3x8e_gcc_rel.a(uotghs_device.o)
                0x00082828                UDD_Recv
 .text.UDD_Stall
                0x0008285c       0x14 /home/orangepi/.arduino15/packages/arduino/hardware/sam/1.6.12/variants/arduino_due_x/libsam_sam3x8e_gcc_rel.a(uotghs_device.o)
                0x0008285c                UDD_Stall
 .text.UDD_FifoByteCount
                0x00082870       0x14 /home/orangepi/.arduino15/packages/arduino/hardware/sam/1.6.12/variants/arduino_due_x/libsam_sam3x8e_gcc_rel.a(uotghs_device.o)
                0x00082870                UDD_FifoByteCount
 .text.UDD_ReleaseRX
                0x00082884       0x28 /home/orangepi/.arduino15/packages/arduino/hardware/sam/1.6.12/variants/arduino_due_x/libsam_sam3x8e_gcc_rel.a(uotghs_device.o)
                0x00082884                UDD_ReleaseRX
 .text.UDD_ReleaseTX
                0x000828ac       0x28 /home/orangepi/.arduino15/packages/arduino/hardware/sam/1.6.12/variants/arduino_due_x/libsam_sam3x8e_gcc_rel.a(uotghs_device.o)
                0x000828ac                UDD_ReleaseTX
 .text.UDD_SetAddress
                0x000828d4       0x20 /home/orangepi/.arduino15/packages/arduino/hardware/sam/1.6.12/variants/arduino_due_x/libsam_sam3x8e_gcc_rel.a(uotghs_device.o)
                0x000828d4                UDD_SetAddress
 .text          0x000828f4      0x370 /home/orangepi/.arduino15/packages/arduino/tools/arm-none-eabi-gcc/4.8.3-2014q1/bin/../lib/gcc/arm-none-eabi/4.8.3/armv7-m/libgcc.a(_arm_addsubdf3.o)
                0x000828f4                __aeabi_drsub
                0x000828fc                __aeabi_dsub
                0x000828fc                __subdf3
                0x00082900                __adddf3
                0x00082900                __aeabi_dadd
                0x00082b78                __aeabi_ui2d
                0x00082b78                __floatunsidf
                0x00082b98                __floatsidf
                0x00082b98                __aeabi_i2d
                0x00082bbc                __extendsfdf2
                0x00082bbc                __aeabi_f2d
                0x00082bf8                __aeabi_ul2d
                0x00082bf8                __floatundidf
                0x00082c08                __floatdidf
                0x00082c08                __aeabi_l2d
 .text          0x00082c64      0x424 /home/orangepi/.arduino15/packages/arduino/tools/arm-none-eabi-gcc/4.8.3-2014q1/bin/../lib/gcc/arm-none-eabi/4.8.3/armv7-m/libgcc.a(_arm_muldivdf3.o)
                0x00082c64                __aeabi_dmul
                0x00082c64                __muldf3
                0x00082eb8                __aeabi_ddiv
                0x00082eb8                __divdf3
 .text          0x00083088      0x110 /home/orangepi/.arduino15/packages/arduino/tools/arm-none-eabi-gcc/4.8.3-2014q1/bin/../lib/gcc/arm-none-eabi/4.8.3/armv7-m/libgcc.a(_arm_cmpdf2.o)
                0x00083088                __gtdf2
                0x00083088                __gedf2
                0x00083090                __ltdf2
                0x00083090                __ledf2
                0x00083098                __cmpdf2
                0x00083098                __eqdf2
                0x00083098                __nedf2
                0x00083114                __aeabi_cdrcmple
                0x00083124                __aeabi_cdcmple
                0x00083124                __aeabi_cdcmpeq
                0x00083134                __aeabi_dcmpeq
                0x00083148                __aeabi_dcmplt
                0x0008315c                __aeabi_dcmple
                0x00083170                __aeabi_dcmpge
                0x00083184                __aeabi_dcmpgt
 .text          0x00083198       0x50 /home/orangepi/.arduino15/packages/arduino/tools/arm-none-eabi-gcc/4.8.3-2014q1/bin/../lib/gcc/arm-none-eabi/4.8.3/armv7-m/libgcc.a(_arm_fixdfsi.o)
                0x00083198                __fixdfsi
                0x00083198                __aeabi_d2iz
 .text          0x000831e8       0xa0 /home/orangepi/.arduino15/packages/arduino/tools/arm-none-eabi-gcc/4.8.3-2014q1/bin/../lib/gcc/arm-none-eabi/4.8.3/armv7-m/libgcc.a(_arm_truncdfsf2.o)
                0x000831e8                __aeabi_d2f
                0x000831e8                __truncdfsf2
 .text          0x00083288      0x21c /home/orangepi/.arduino15/packages/arduino/tools/arm-none-eabi-gcc/4.8.3-2014q1/bin/../lib/gcc/arm-none-eabi/4.8.3/armv7-m/libgcc.a(_arm_addsubsf3.o)
                0x00083288                __aeabi_frsub
                0x00083290                __subsf3
                0x00083290                __aeabi_fsub
                0x00083294                __aeabi_fadd
                0x00083294                __addsf3
                0x000833f4                __aeabi_ui2f
                0x000833f4                __floatunsisf
                0x000833fc                __aeabi_i2f
                0x000833fc                __floatsisf
                0x00083418                __floatundisf
                0x00083418                __aeabi_ul2f
                0x00083428                __floatdisf
                0x00083428                __aeabi_l2f
 .text          0x000834a4      0x2a0 /home/orangepi/.arduino15/packages/arduino/tools/arm-none-eabi-gcc/4.8.3-2014q1/bin/../lib/gcc/arm-none-eabi/4.8.3/armv7-m/libgcc.a(_arm_muldivsf3.o)
                0x000834a4                __mulsf3
                0x000834a4                __aeabi_fmul
                0x0008360c                __divsf3
                0x0008360c                __aeabi_fdiv
 .text          0x00083744       0xec /home/orangepi/.arduino15/packages/arduino/tools/arm-none-eabi-gcc/4.8.3-2014q1/bin/../lib/gcc/arm-none-eabi/4.8.3/armv7-m/libgcc.a(_arm_cmpsf2.o)
                0x00083744                __gtsf2
                0x00083744                __gesf2
                0x0008374c                __lesf2
                0x0008374c                __ltsf2
                0x00083754                __nesf2
                0x00083754                __eqsf2
                0x00083754                __cmpsf2
                0x000837b4                __aeabi_cfrcmple
                0x000837bc                __aeabi_cfcmple
                0x000837bc                __aeabi_cfcmpeq
                0x000837cc                __aeabi_fcmpeq
                0x000837e0                __aeabi_fcmplt
                0x000837f4                __aeabi_fcmple
                0x00083808                __aeabi_fcmpge
                0x0008381c                __aeabi_fcmpgt
 .text.__assert_func
                0x00083830       0x3c /home/orangepi/.arduino15/packages/arduino/tools/arm-none-eabi-gcc/4.8.3-2014q1/bin/../lib/gcc/arm-none-eabi/4.8.3/../../../../arm-none-eabi/lib/armv7-m/libc.a(lib_a-assert.o)
                0x00083830                __assert_func
 .text.fiprintf
                0x0008386c       0x28 /home/orangepi/.arduino15/packages/arduino/tools/arm-none-eabi-gcc/4.8.3-2014q1/bin/../lib/gcc/arm-none-eabi/4.8.3/../../../../arm-none-eabi/lib/armv7-m/libc.a(lib_a-fiprintf.o)
                0x0008386c                fiprintf
 .text.__libc_init_array
                0x00083894       0x50 /home/orangepi/.arduino15/packages/arduino/tools/arm-none-eabi-gcc/4.8.3-2014q1/bin/../lib/gcc/arm-none-eabi/4.8.3/../../../../arm-none-eabi/lib/armv7-m/libc.a(lib_a-init.o)
                0x00083894                __libc_init_array
 .text.memset   0x000838e4       0x94 /home/orangepi/.arduino15/packages/arduino/tools/arm-none-eabi-gcc/4.8.3-2014q1/bin/../lib/gcc/arm-none-eabi/4.8.3/../../../../arm-none-eabi/lib/armv7-m/libc.a(lib_a-memset.o)
                0x000838e4                memset
 .text.strlen   0x00083978       0x60 /home/orangepi/.arduino15/packages/arduino/tools/arm-none-eabi-gcc/4.8.3-2014q1/bin/../lib/gcc/arm-none-eabi/4.8.3/../../../../arm-none-eabi/lib/armv7-m/libc.a(lib_a-strlen.o)
                0x00083978                strlen
 .text.kill     0x000839d8       0x10 /home/orangepi/.arduino15/packages/arduino/tools/arm-none-eabi-gcc/4.8.3-2014q1/bin/../lib/gcc/arm-none-eabi/4.8.3/../../../../arm-none-eabi/lib/armv7-m/libc.a(lib_a-syskill.o)
                0x000839d8                kill
 .text.__sprint_r.part.0
                0x000839e8       0x78 /home/orangepi/.arduino15/packages/arduino/tools/arm-none-eabi-gcc/4.8.3-2014q1/bin/../lib/gcc/arm-none-eabi/4.8.3/../../../../arm-none-eabi/lib/armv7-m/libc.a(lib_a-vfiprintf.o)
 .text._vfiprintf_r
                0x00083a60      0xc54 /home/orangepi/.arduino15/packages/arduino/tools/arm-none-eabi-gcc/4.8.3-2014q1/bin/../lib/gcc/arm-none-eabi/4.8.3/../../../../arm-none-eabi/lib/armv7-m/libc.a(lib_a-vfiprintf.o)
                0x00083a60                _vfiprintf_r
 .text.__sbprintf
                0x000846b4       0x7c /home/orangepi/.arduino15/packages/arduino/tools/arm-none-eabi-gcc/4.8.3-2014q1/bin/../lib/gcc/arm-none-eabi/4.8.3/../../../../arm-none-eabi/lib/armv7-m/libc.a(lib_a-vfiprintf.o)
 .text.__swsetup_r
                0x00084730       0xc4 /home/orangepi/.arduino15/packages/arduino/tools/arm-none-eabi-gcc/4.8.3-2014q1/bin/../lib/gcc/arm-none-eabi/4.8.3/../../../../arm-none-eabi/lib/armv7-m/libc.a(lib_a-wsetup.o)
                0x00084730                __swsetup_r
 .text.startup.register_fini
                0x000847f4       0x14 /home/orangepi/.arduino15/packages/arduino/tools/arm-none-eabi-gcc/4.8.3-2014q1/bin/../lib/gcc/arm-none-eabi/4.8.3/../../../../arm-none-eabi/lib/armv7-m/libc.a(lib_a-__call_atexit.o)
 .text.abort    0x00084808       0x10 /home/orangepi/.arduino15/packages/arduino/tools/arm-none-eabi-gcc/4.8.3-2014q1/bin/../lib/gcc/arm-none-eabi/4.8.3/../../../../arm-none-eabi/lib/armv7-m/libc.a(lib_a-abort.o)
                0x00084808                abort
 .text.atexit   0x00084818        0xc /home/orangepi/.arduino15/packages/arduino/tools/arm-none-eabi-gcc/4.8.3-2014q1/bin/../lib/gcc/arm-none-eabi/4.8.3/../../../../arm-none-eabi/lib/armv7-m/libc.a(lib_a-atexit.o)
                0x00084818                atexit
 .text.__sflush_r
                0x00084824      0x148 /home/orangepi/.arduino15/packages/arduino/tools/arm-none-eabi-gcc/4.8.3-2014q1/bin/../lib/gcc/arm-none-eabi/4.8.3/../../../../arm-none-eabi/lib/armv7-m/libc.a(lib_a-fflush.o)
                0x00084824                __sflush_r
 .text._fflush_r
                0x0008496c       0x2c /home/orangepi/.arduino15/packages/arduino/tools/arm-none-eabi-gcc/4.8.3-2014q1/bin/../lib/gcc/arm-none-eabi/4.8.3/../../../../arm-none-eabi/lib/armv7-m/libc.a(lib_a-fflush.o)
                0x0008496c                _fflush_r
 .text._cleanup_r
                0x00084998        0xc /home/orangepi/.arduino15/packages/arduino/tools/arm-none-eabi-gcc/4.8.3-2014q1/bin/../lib/gcc/arm-none-eabi/4.8.3/../../../../arm-none-eabi/lib/armv7-m/libc.a(lib_a-findfp.o)
                0x00084998                _cleanup_r
 .text.__sinit  0x000849a4       0xf4 /home/orangepi/.arduino15/packages/arduino/tools/arm-none-eabi-gcc/4.8.3-2014q1/bin/../lib/gcc/arm-none-eabi/4.8.3/../../../../arm-none-eabi/lib/armv7-m/libc.a(lib_a-findfp.o)
                0x000849a4                __sinit
 .text.__sfp_lock_acquire
                0x00084a98        0x4 /home/orangepi/.arduino15/packages/arduino/tools/arm-none-eabi-gcc/4.8.3-2014q1/bin/../lib/gcc/arm-none-eabi/4.8.3/../../../../arm-none-eabi/lib/armv7-m/libc.a(lib_a-findfp.o)
                0x00084a98                __sfp_lock_acquire
 .text.__sfp_lock_release
                0x00084a9c        0x4 /home/orangepi/.arduino15/packages/arduino/tools/arm-none-eabi-gcc/4.8.3-2014q1/bin/../lib/gcc/arm-none-eabi/4.8.3/../../../../arm-none-eabi/lib/armv7-m/libc.a(lib_a-findfp.o)
                0x00084a9c                __sfp_lock_release
 .text.__libc_fini_array
                0x00084aa0       0x30 /home/orangepi/.arduino15/packages/arduino/tools/arm-none-eabi-gcc/4.8.3-2014q1/bin/../lib/gcc/arm-none-eabi/4.8.3/../../../../arm-none-eabi/lib/armv7-m/libc.a(lib_a-fini.o)
                0x00084aa0                __libc_fini_array
 .text._fputwc_r
                0x00084ad0       0xc0 /home/orangepi/.arduino15/packages/arduino/tools/arm-none-eabi-gcc/4.8.3-2014q1/bin/../lib/gcc/arm-none-eabi/4.8.3/../../../../arm-none-eabi/lib/armv7-m/libc.a(lib_a-fputwc.o)
                0x00084ad0                _fputwc_r
 .text._malloc_trim_r
                0x00084b90       0x9c /home/orangepi/.arduino15/packages/arduino/tools/arm-none-eabi-gcc/4.8.3-2014q1/bin/../lib/gcc/arm-none-eabi/4.8.3/../../../../arm-none-eabi/lib/armv7-m/libc.a(lib_a-freer.o)
                0x00084b90                _malloc_trim_r
 .text._free_r  0x00084c2c      0x198 /home/orangepi/.arduino15/packages/arduino/tools/arm-none-eabi-gcc/4.8.3-2014q1/bin/../lib/gcc/arm-none-eabi/4.8.3/../../../../arm-none-eabi/lib/armv7-m/libc.a(lib_a-freer.o)
                0x00084c2c                _free_r
 .text.__sfvwrite_r
                0x00084dc4      0x314 /home/orangepi/.arduino15/packages/arduino/tools/arm-none-eabi-gcc/4.8.3-2014q1/bin/../lib/gcc/arm-none-eabi/4.8.3/../../../../arm-none-eabi/lib/armv7-m/libc.a(lib_a-fvwrite.o)
                0x00084dc4                __sfvwrite_r
 .text._fwalk   0x000850d8       0x48 /home/orangepi/.arduino15/packages/arduino/tools/arm-none-eabi-gcc/4.8.3-2014q1/bin/../lib/gcc/arm-none-eabi/4.8.3/../../../../arm-none-eabi/lib/armv7-m/libc.a(lib_a-fwalk.o)
                0x000850d8                _fwalk
 .text.__locale_charset
                0x00085120        0x8 /home/orangepi/.arduino15/packages/arduino/tools/arm-none-eabi-gcc/4.8.3-2014q1/bin/../lib/gcc/arm-none-eabi/4.8.3/../../../../arm-none-eabi/lib/armv7-m/libc.a(lib_a-locale.o)
                0x00085120                __locale_charset
 .text.__locale_mb_cur_max
                0x00085128        0xc /home/orangepi/.arduino15/packages/arduino/tools/arm-none-eabi-gcc/4.8.3-2014q1/bin/../lib/gcc/arm-none-eabi/4.8.3/../../../../arm-none-eabi/lib/armv7-m/libc.a(lib_a-locale.o)
                0x00085128                __locale_mb_cur_max
 .text.__smakebuf_r
                0x00085134       0xe0 /home/orangepi/.arduino15/packages/arduino/tools/arm-none-eabi-gcc/4.8.3-2014q1/bin/../lib/gcc/arm-none-eabi/4.8.3/../../../../arm-none-eabi/lib/armv7-m/libc.a(lib_a-makebuf.o)
                0x00085134                __smakebuf_r
 .text._malloc_r
                0x00085214      0x538 /home/orangepi/.arduino15/packages/arduino/tools/arm-none-eabi-gcc/4.8.3-2014q1/bin/../lib/gcc/arm-none-eabi/4.8.3/../../../../arm-none-eabi/lib/armv7-m/libc.a(lib_a-mallocr.o)
                0x00085214                _malloc_r
 .text.memchr   0x0008574c       0x94 /home/orangepi/.arduino15/packages/arduino/tools/arm-none-eabi-gcc/4.8.3-2014q1/bin/../lib/gcc/arm-none-eabi/4.8.3/../../../../arm-none-eabi/lib/armv7-m/libc.a(lib_a-memchr-stub.o)
                0x0008574c                memchr
 .text          0x000857e0       0xec /home/orangepi/.arduino15/packages/arduino/tools/arm-none-eabi-gcc/4.8.3-2014q1/bin/../lib/gcc/arm-none-eabi/4.8.3/../../../../arm-none-eabi/lib/armv7-m/libc.a(lib_a-memcpy.o)
                0x000857e0                memcpy
 .text.memmove  0x000858cc       0xcc /home/orangepi/.arduino15/packages/arduino/tools/arm-none-eabi-gcc/4.8.3-2014q1/bin/../lib/gcc/arm-none-eabi/4.8.3/../../../../arm-none-eabi/lib/armv7-m/libc.a(lib_a-memmove.o)
                0x000858cc                memmove
 .text.__malloc_lock
                0x00085998        0x4 /home/orangepi/.arduino15/packages/arduino/tools/arm-none-eabi-gcc/4.8.3-2014q1/bin/../lib/gcc/arm-none-eabi/4.8.3/../../../../arm-none-eabi/lib/armv7-m/libc.a(lib_a-mlock.o)
                0x00085998                __malloc_lock
 .text.__malloc_unlock
                0x0008599c        0x4 /home/orangepi/.arduino15/packages/arduino/tools/arm-none-eabi-gcc/4.8.3-2014q1/bin/../lib/gcc/arm-none-eabi/4.8.3/../../../../arm-none-eabi/lib/armv7-m/libc.a(lib_a-mlock.o)
                0x0008599c                __malloc_unlock
 .text._realloc_r
                0x000859a0      0x3c0 /home/orangepi/.arduino15/packages/arduino/tools/arm-none-eabi-gcc/4.8.3-2014q1/bin/../lib/gcc/arm-none-eabi/4.8.3/../../../../arm-none-eabi/lib/armv7-m/libc.a(lib_a-reallocr.o)
                0x000859a0                _realloc_r
 .text._sbrk_r  0x00085d60       0x24 /home/orangepi/.arduino15/packages/arduino/tools/arm-none-eabi-gcc/4.8.3-2014q1/bin/../lib/gcc/arm-none-eabi/4.8.3/../../../../arm-none-eabi/lib/armv7-m/libc.a(lib_a-sbrkr.o)
                0x00085d60                _sbrk_r
 .text._raise_r
                0x00085d84       0x58 /home/orangepi/.arduino15/packages/arduino/tools/arm-none-eabi-gcc/4.8.3-2014q1/bin/../lib/gcc/arm-none-eabi/4.8.3/../../../../arm-none-eabi/lib/armv7-m/libc.a(lib_a-signal.o)
                0x00085d84                _raise_r
 .text.raise    0x00085ddc       0x10 /home/orangepi/.arduino15/packages/arduino/tools/arm-none-eabi-gcc/4.8.3-2014q1/bin/../lib/gcc/arm-none-eabi/4.8.3/../../../../arm-none-eabi/lib/armv7-m/libc.a(lib_a-signal.o)
                0x00085ddc                raise
 .text._kill_r  0x00085dec       0x28 /home/orangepi/.arduino15/packages/arduino/tools/arm-none-eabi-gcc/4.8.3-2014q1/bin/../lib/gcc/arm-none-eabi/4.8.3/../../../../arm-none-eabi/lib/armv7-m/libc.a(lib_a-signalr.o)
                0x00085dec                _kill_r
 .text._getpid_r
                0x00085e14        0x4 /home/orangepi/.arduino15/packages/arduino/tools/arm-none-eabi-gcc/4.8.3-2014q1/bin/../lib/gcc/arm-none-eabi/4.8.3/../../../../arm-none-eabi/lib/armv7-m/libc.a(lib_a-signalr.o)
                0x00085e14                _getpid_r
 .text.__sread  0x00085e18       0x24 /home/orangepi/.arduino15/packages/arduino/tools/arm-none-eabi-gcc/4.8.3-2014q1/bin/../lib/gcc/arm-none-eabi/4.8.3/../../../../arm-none-eabi/lib/armv7-m/libc.a(lib_a-stdio.o)
                0x00085e18                __sread
 .text.__swrite
                0x00085e3c       0x38 /home/orangepi/.arduino15/packages/arduino/tools/arm-none-eabi-gcc/4.8.3-2014q1/bin/../lib/gcc/arm-none-eabi/4.8.3/../../../../arm-none-eabi/lib/armv7-m/libc.a(lib_a-stdio.o)
                0x00085e3c                __swrite
 .text.__sseek  0x00085e74       0x20 /home/orangepi/.arduino15/packages/arduino/tools/arm-none-eabi-gcc/4.8.3-2014q1/bin/../lib/gcc/arm-none-eabi/4.8.3/../../../../arm-none-eabi/lib/armv7-m/libc.a(lib_a-stdio.o)
                0x00085e74                __sseek
 .text.__sclose
                0x00085e94        0x8 /home/orangepi/.arduino15/packages/arduino/tools/arm-none-eabi-gcc/4.8.3-2014q1/bin/../lib/gcc/arm-none-eabi/4.8.3/../../../../arm-none-eabi/lib/armv7-m/libc.a(lib_a-stdio.o)
                0x00085e94                __sclose
 .text.__swbuf_r
                0x00085e9c       0xa8 /home/orangepi/.arduino15/packages/arduino/tools/arm-none-eabi-gcc/4.8.3-2014q1/bin/../lib/gcc/arm-none-eabi/4.8.3/../../../../arm-none-eabi/lib/armv7-m/libc.a(lib_a-wbuf.o)
                0x00085e9c                __swbuf_r
 .text._wcrtomb_r
                0x00085f44       0x50 /home/orangepi/.arduino15/packages/arduino/tools/arm-none-eabi-gcc/4.8.3-2014q1/bin/../lib/gcc/arm-none-eabi/4.8.3/../../../../arm-none-eabi/lib/armv7-m/libc.a(lib_a-wcrtomb.o)
                0x00085f44                _wcrtomb_r
 .text.__ascii_wctomb
                0x00085f94       0x1c /home/orangepi/.arduino15/packages/arduino/tools/arm-none-eabi-gcc/4.8.3-2014q1/bin/../lib/gcc/arm-none-eabi/4.8.3/../../../../arm-none-eabi/lib/armv7-m/libc.a(lib_a-wctomb_r.o)
                0x00085f94                __ascii_wctomb
 .text._write_r
                0x00085fb0       0x28 /home/orangepi/.arduino15/packages/arduino/tools/arm-none-eabi-gcc/4.8.3-2014q1/bin/../lib/gcc/arm-none-eabi/4.8.3/../../../../arm-none-eabi/lib/armv7-m/libc.a(lib_a-writer.o)
                0x00085fb0                _write_r
 .text.__register_exitproc
                0x00085fd8       0xa8 /home/orangepi/.arduino15/packages/arduino/tools/arm-none-eabi-gcc/4.8.3-2014q1/bin/../lib/gcc/arm-none-eabi/4.8.3/../../../../arm-none-eabi/lib/armv7-m/libc.a(lib_a-__atexit.o)
                0x00085fd8                __register_exitproc
 .text._close_r
                0x00086080       0x24 /home/orangepi/.arduino15/packages/arduino/tools/arm-none-eabi-gcc/4.8.3-2014q1/bin/../lib/gcc/arm-none-eabi/4.8.3/../../../../arm-none-eabi/lib/armv7-m/libc.a(lib_a-closer.o)
                0x00086080                _close_r
 .text._fclose_r
                0x000860a4       0x80 /home/orangepi/.arduino15/packages/arduino/tools/arm-none-eabi-gcc/4.8.3-2014q1/bin/../lib/gcc/arm-none-eabi/4.8.3/../../../../arm-none-eabi/lib/armv7-m/libc.a(lib_a-fclose.o)
                0x000860a4                _fclose_r
 .text.fclose   0x00086124       0x10 /home/orangepi/.arduino15/packages/arduino/tools/arm-none-eabi-gcc/4.8.3-2014q1/bin/../lib/gcc/arm-none-eabi/4.8.3/../../../../arm-none-eabi/lib/armv7-m/libc.a(lib_a-fclose.o)
                0x00086124                fclose
 .text._fstat_r
                0x00086134       0x28 /home/orangepi/.arduino15/packages/arduino/tools/arm-none-eabi-gcc/4.8.3-2014q1/bin/../lib/gcc/arm-none-eabi/4.8.3/../../../../arm-none-eabi/lib/armv7-m/libc.a(lib_a-fstatr.o)
                0x00086134                _fstat_r
 .text._isatty_r
                0x0008615c       0x24 /home/orangepi/.arduino15/packages/arduino/tools/arm-none-eabi-gcc/4.8.3-2014q1/bin/../lib/gcc/arm-none-eabi/4.8.3/../../../../arm-none-eabi/lib/armv7-m/libc.a(lib_a-isattyr.o)
                0x0008615c                _isatty_r
 .text._lseek_r
                0x00086180       0x28 /home/orangepi/.arduino15/packages/arduino/tools/arm-none-eabi-gcc/4.8.3-2014q1/bin/../lib/gcc/arm-none-eabi/4.8.3/../../../../arm-none-eabi/lib/armv7-m/libc.a(lib_a-lseekr.o)
                0x00086180                _lseek_r
 .text._read_r  0x000861a8       0x28 /home/orangepi/.arduino15/packages/arduino/tools/arm-none-eabi-gcc/4.8.3-2014q1/bin/../lib/gcc/arm-none-eabi/4.8.3/../../../../arm-none-eabi/lib/armv7-m/libc.a(lib_a-readr.o)
                0x000861a8                _read_r
 .text          0x000861d0       0x2c /home/orangepi/.arduino15/packages/arduino/tools/arm-none-eabi-gcc/4.8.3-2014q1/bin/../lib/gcc/arm-none-eabi/4.8.3/armv7-m/libgcc.a(_aeabi_uldivmod.o)
                0x000861d0                __aeabi_uldivmod
 .text          0x000861fc       0x60 /home/orangepi/.arduino15/packages/arduino/tools/arm-none-eabi-gcc/4.8.3-2014q1/bin/../lib/gcc/arm-none-eabi/4.8.3/armv7-m/libgcc.a(bpabi.o)
                0x000861fc                __gnu_ldivmod_helper
                0x0008622c                __gnu_uldivmod_helper
 .text          0x0008625c        0x4 /home/orangepi/.arduino15/packages/arduino/tools/arm-none-eabi-gcc/4.8.3-2014q1/bin/../lib/gcc/arm-none-eabi/4.8.3/armv7-m/libgcc.a(_dvmd_tls.o)
                0x0008625c                __aeabi_ldiv0
                0x0008625c                __aeabi_idiv0
 .text          0x00086260      0x2a0 /home/orangepi/.arduino15/packages/arduino/tools/arm-none-eabi-gcc/4.8.3-2014q1/bin/../lib/gcc/arm-none-eabi/4.8.3/armv7-m/libgcc.a(_divdi3.o)
                0x00086260                __divdi3
 .text          0x00086500      0x290 /home/orangepi/.arduino15/packages/arduino/tools/arm-none-eabi-gcc/4.8.3-2014q1/bin/../lib/gcc/arm-none-eabi/4.8.3/armv7-m/libgcc.a(_udivdi3.o)
                0x00086500                __udivdi3
 *(.glue_7t)
 .glue_7t       0x00000000        0x0 linker stubs
 *(.glue_7)
 .glue_7        0x00000000        0x0 linker stubs
 *(.rodata .rodata* .gnu.linkonce.r.*)
 .rodata        0x00086790        0x8 /tmp/arduino-sketch-60601E723012CCD8F0C11AE345A3396C/sketch/DueTimer.cpp.o
 .rodata._ZN8DueTimer6TimersE
                0x00086798       0x6c /tmp/arduino-sketch-60601E723012CCD8F0C11AE345A3396C/sketch/DueTimer.cpp.o
                0x00086798                DueTimer::Timers
 .rodata.str1.1
                0x00086804       0x27 /tmp/arduino-sketch-60601E723012CCD8F0C11AE345A3396C/sketch/drive_new_pwm.ino.cpp.o
                                 0x29 (size before relaxing)
 *fill*         0x0008682b        0x1 
 .rodata.g_APinDescription
                0x0008682c      0xa2c /tmp/arduino-sketch-60601E723012CCD8F0C11AE345A3396C/core/variant.cpp.o
                0x0008682c                g_APinDescription
 .rodata.__func__.6792
                0x00087258        0xd /home/orangepi/.arduino15/packages/arduino/hardware/sam/1.6.12/variants/arduino_due_x/libsam_sam3x8e_gcc_rel.a(tc.o)
 .rodata.str1.1
                0x00087265       0x54 /home/orangepi/.arduino15/packages/arduino/hardware/sam/1.6.12/variants/arduino_due_x/libsam_sam3x8e_gcc_rel.a(tc.o)
 .rodata.__func__.6798
                0x000872b9        0x9 /home/orangepi/.arduino15/packages/arduino/hardware/sam/1.6.12/variants/arduino_due_x/libsam_sam3x8e_gcc_rel.a(tc.o)
 *fill*         0x000872c2        0x2 
 .rodata        0x000872c4       0x40 /home/orangepi/.arduino15/packages/arduino/hardware/sam/1.6.12/variants/arduino_due_x/libsam_sam3x8e_gcc_rel.a(adc.o)
 .rodata.str1.1
                0x00087304        0xf /tmp/arduino-sketch-60601E723012CCD8F0C11AE345A3396C/../arduino-core-cache/core_arduino_sam_arduino_due_x_dbg_12c81cb0a6aff8488538f97208e21652.a(Print.cpp.o)
 *fill*         0x00087313        0x5 
 .rodata._ZTV9UARTClass
                0x00087318       0x30 /tmp/arduino-sketch-60601E723012CCD8F0C11AE345A3396C/../arduino-core-cache/core_arduino_sam_arduino_due_x_dbg_12c81cb0a6aff8488538f97208e21652.a(UARTClass.cpp.o)
                0x00087318                vtable for UARTClass
 .rodata._ZTV10USARTClass
                0x00087348       0x30 /tmp/arduino-sketch-60601E723012CCD8F0C11AE345A3396C/../arduino-core-cache/core_arduino_sam_arduino_due_x_dbg_12c81cb0a6aff8488538f97208e21652.a(USARTClass.cpp.o)
                0x00087348                vtable for USARTClass
 .rodata.STRING_PRODUCT
                0x00087378        0xc /tmp/arduino-sketch-60601E723012CCD8F0C11AE345A3396C/../arduino-core-cache/core_arduino_sam_arduino_due_x_dbg_12c81cb0a6aff8488538f97208e21652.a(USBCore.cpp.o)
                0x00087378                STRING_PRODUCT
 .rodata.USB_DeviceDescriptor
                0x00087384       0x12 /tmp/arduino-sketch-60601E723012CCD8F0C11AE345A3396C/../arduino-core-cache/core_arduino_sam_arduino_due_x_dbg_12c81cb0a6aff8488538f97208e21652.a(USBCore.cpp.o)
                0x00087384                USB_DeviceDescriptor
 .rodata.STRING_LANGUAGE
                0x00087396        0x4 /tmp/arduino-sketch-60601E723012CCD8F0C11AE345A3396C/../arduino-core-cache/core_arduino_sam_arduino_due_x_dbg_12c81cb0a6aff8488538f97208e21652.a(USBCore.cpp.o)
                0x00087396                STRING_LANGUAGE
 .rodata._ZL18test_packet_buffer
                0x0008739a       0x35 /tmp/arduino-sketch-60601E723012CCD8F0C11AE345A3396C/../arduino-core-cache/core_arduino_sam_arduino_due_x_dbg_12c81cb0a6aff8488538f97208e21652.a(USBCore.cpp.o)
 .rodata.STRING_MANUFACTURER
                0x000873cf        0xc /tmp/arduino-sketch-60601E723012CCD8F0C11AE345A3396C/../arduino-core-cache/core_arduino_sam_arduino_due_x_dbg_12c81cb0a6aff8488538f97208e21652.a(USBCore.cpp.o)
                0x000873cf                STRING_MANUFACTURER
 .rodata.USB_DeviceDescriptorA
                0x000873db       0x12 /tmp/arduino-sketch-60601E723012CCD8F0C11AE345A3396C/../arduino-core-cache/core_arduino_sam_arduino_due_x_dbg_12c81cb0a6aff8488538f97208e21652.a(USBCore.cpp.o)
                0x000873db                USB_DeviceDescriptorA
 .rodata._ZL19USB_DeviceQualifier
                0x000873ed        0x9 /tmp/arduino-sketch-60601E723012CCD8F0C11AE345A3396C/../arduino-core-cache/core_arduino_sam_arduino_due_x_dbg_12c81cb0a6aff8488538f97208e21652.a(USBCore.cpp.o)
 *fill*         0x000873f6        0x2 
 .rodata._ZTV7Serial_
                0x000873f8       0x28 /tmp/arduino-sketch-60601E723012CCD8F0C11AE345A3396C/../arduino-core-cache/core_arduino_sam_arduino_due_x_dbg_12c81cb0a6aff8488538f97208e21652.a(CDC.cpp.o)
                0x000873f8                vtable for Serial_
 .rodata._ZL18_cdcOtherInterface
                0x00087420       0x42 /tmp/arduino-sketch-60601E723012CCD8F0C11AE345A3396C/../arduino-core-cache/core_arduino_sam_arduino_due_x_dbg_12c81cb0a6aff8488538f97208e21652.a(CDC.cpp.o)
 .rodata._ZL13_cdcInterface
                0x00087462       0x42 /tmp/arduino-sketch-60601E723012CCD8F0C11AE345A3396C/../arduino-core-cache/core_arduino_sam_arduino_due_x_dbg_12c81cb0a6aff8488538f97208e21652.a(CDC.cpp.o)
 .rodata.str1.4
                0x000874a4       0x3f /home/orangepi/.arduino15/packages/arduino/tools/arm-none-eabi-gcc/4.8.3-2014q1/bin/../lib/gcc/arm-none-eabi/4.8.3/../../../../arm-none-eabi/lib/armv7-m/libc.a(lib_a-assert.o)
                                 0x44 (size before relaxing)
 *fill*         0x000874e3        0x1 
 .rodata.str1.4
                0x000874e4        0x2 /home/orangepi/.arduino15/packages/arduino/tools/arm-none-eabi-gcc/4.8.3-2014q1/bin/../lib/gcc/arm-none-eabi/4.8.3/../../../../arm-none-eabi/lib/armv7-m/libc.a(lib_a-impure.o)
                                  0x4 (size before relaxing)
 *fill*         0x000874e6        0x2 
 .rodata._global_impure_ptr
                0x000874e8        0x4 /home/orangepi/.arduino15/packages/arduino/tools/arm-none-eabi-gcc/4.8.3-2014q1/bin/../lib/gcc/arm-none-eabi/4.8.3/../../../../arm-none-eabi/lib/armv7-m/libc.a(lib_a-impure.o)
                0x000874e8                _global_impure_ptr
 .rodata.blanks.6717
                0x000874ec       0x10 /home/orangepi/.arduino15/packages/arduino/tools/arm-none-eabi-gcc/4.8.3-2014q1/bin/../lib/gcc/arm-none-eabi/4.8.3/../../../../arm-none-eabi/lib/armv7-m/libc.a(lib_a-vfiprintf.o)
 .rodata.str1.4
                0x000874fc       0x30 /home/orangepi/.arduino15/packages/arduino/tools/arm-none-eabi-gcc/4.8.3-2014q1/bin/../lib/gcc/arm-none-eabi/4.8.3/../../../../arm-none-eabi/lib/armv7-m/libc.a(lib_a-vfiprintf.o)
 .rodata.zeroes.6718
                0x0008752c       0x10 /home/orangepi/.arduino15/packages/arduino/tools/arm-none-eabi-gcc/4.8.3-2014q1/bin/../lib/gcc/arm-none-eabi/4.8.3/../../../../arm-none-eabi/lib/armv7-m/libc.a(lib_a-vfiprintf.o)
 *(.ARM.extab* .gnu.linkonce.armextab.*)
                0x0008753c                . = ALIGN (0x4)
 *(.init)
 .init          0x0008753c        0x4 /home/orangepi/.arduino15/packages/arduino/tools/arm-none-eabi-gcc/4.8.3-2014q1/bin/../lib/gcc/arm-none-eabi/4.8.3/armv7-m/crti.o
                0x0008753c                _init
 .init          0x00087540        0x8 /home/orangepi/.arduino15/packages/arduino/tools/arm-none-eabi-gcc/4.8.3-2014q1/bin/../lib/gcc/arm-none-eabi/4.8.3/armv7-m/crtn.o
                0x00087548                . = ALIGN (0x4)
                0x00087548                __preinit_array_start = .
 *(.preinit_array)
                0x00087548                __preinit_array_end = .
                0x00087548                . = ALIGN (0x4)
                0x00087548                __init_array_start = .
 *(SORT(.init_array.*))
 .init_array.00000
                0x00087548        0x4 /home/orangepi/.arduino15/packages/arduino/tools/arm-none-eabi-gcc/4.8.3-2014q1/bin/../lib/gcc/arm-none-eabi/4.8.3/../../../../arm-none-eabi/lib/armv7-m/libc.a(lib_a-__call_atexit.o)
 *(.init_array)
 .init_array    0x0008754c        0x4 /home/orangepi/.arduino15/packages/arduino/tools/arm-none-eabi-gcc/4.8.3-2014q1/bin/../lib/gcc/arm-none-eabi/4.8.3/armv7-m/crtbegin.o
 .init_array    0x00087550        0x4 /tmp/arduino-sketch-60601E723012CCD8F0C11AE345A3396C/sketch/DueTimer.cpp.o
 .init_array    0x00087554        0x4 /tmp/arduino-sketch-60601E723012CCD8F0C11AE345A3396C/core/variant.cpp.o
 .init_array    0x00087558        0x4 /tmp/arduino-sketch-60601E723012CCD8F0C11AE345A3396C/../arduino-core-cache/core_arduino_sam_arduino_due_x_dbg_12c81cb0a6aff8488538f97208e21652.a(USBCore.cpp.o)
 .init_array    0x0008755c        0x4 /tmp/arduino-sketch-60601E723012CCD8F0C11AE345A3396C/../arduino-core-cache/core_arduino_sam_arduino_due_x_dbg_12c81cb0a6aff8488538f97208e21652.a(CDC.cpp.o)
                0x00087560                __init_array_end = .
                0x00087560                . = ALIGN (0x4)
 *crtbegin.o(.ctors)
 *(EXCLUDE_FILE(*crtend.o) .ctors)
 *(SORT(.ctors.*))
 *crtend.o(.ctors)
                0x00087560                . = ALIGN (0x4)
 *(.fini)
 .fini          0x00087560        0x4 /home/orangepi/.arduino15/packages/arduino/tools/arm-none-eabi-gcc/4.8.3-2014q1/bin/../lib/gcc/arm-none-eabi/4.8.3/armv7-m/crti.o
                0x00087560                _fini
 .fini          0x00087564        0x8 /home/orangepi/.arduino15/packages/arduino/tools/arm-none-eabi-gcc/4.8.3-2014q1/bin/../lib/gcc/arm-none-eabi/4.8.3/armv7-m/crtn.o
                0x0008756c                . = ALIGN (0x4)
                0x0008756c                __fini_array_start = .
 *(.fini_array)
 .fini_array    0x0008756c        0x4 /home/orangepi/.arduino15/packages/arduino/tools/arm-none-eabi-gcc/4.8.3-2014q1/bin/../lib/gcc/arm-none-eabi/4.8.3/armv7-m/crtbegin.o
 *(SORT(.fini_array.*))
                0x00087570                __fini_array_end = .
 *crtbegin.o(.dtors)
 *(EXCLUDE_FILE(*crtend.o) .dtors)
 *(SORT(.dtors.*))
 *crtend.o(.dtors)
                0x00087570                . = ALIGN (0x4)
                0x00087570                _efixed = .
                0x00087570                PROVIDE (__exidx_start, .)

.vfp11_veneer   0x00087570        0x0
 .vfp11_veneer  0x00000000        0x0 linker stubs

.v4_bx          0x00087570        0x0
 .v4_bx         0x00000000        0x0 linker stubs

.iplt           0x00087570        0x0
 .iplt          0x00000000        0x0 /home/orangepi/.arduino15/packages/arduino/tools/arm-none-eabi-gcc/4.8.3-2014q1/bin/../lib/gcc/arm-none-eabi/4.8.3/armv7-m/crtbegin.o

.ARM.exidx      0x00087570        0x8
 *(.ARM.exidx* .gnu.linkonce.armexidx.*)
 .ARM.exidx     0x00087570        0x8 /home/orangepi/.arduino15/packages/arduino/tools/arm-none-eabi-gcc/4.8.3-2014q1/bin/../lib/gcc/arm-none-eabi/4.8.3/armv7-m/libgcc.a(_divdi3.o)
 .ARM.exidx     0x00087578        0x0 /home/orangepi/.arduino15/packages/arduino/tools/arm-none-eabi-gcc/4.8.3-2014q1/bin/../lib/gcc/arm-none-eabi/4.8.3/armv7-m/libgcc.a(_udivdi3.o)
                                  0x8 (size before relaxing)
                0x00087578                PROVIDE (__exidx_end, .)

.eh_frame       0x00087578        0x0
 .eh_frame      0x00087578        0x0 /home/orangepi/.arduino15/packages/arduino/tools/arm-none-eabi-gcc/4.8.3-2014q1/bin/../lib/gcc/arm-none-eabi/4.8.3/armv7-m/crtbegin.o

.rel.dyn        0x00087578        0x0
 .rel.iplt      0x00000000        0x0 /home/orangepi/.arduino15/packages/arduino/tools/arm-none-eabi-gcc/4.8.3-2014q1/bin/../lib/gcc/arm-none-eabi/4.8.3/armv7-m/crtbegin.o

.jcr            0x00087578        0x0
 .jcr           0x00087578        0x0 /home/orangepi/.arduino15/packages/arduino/tools/arm-none-eabi-gcc/4.8.3-2014q1/bin/../lib/gcc/arm-none-eabi/4.8.3/armv7-m/crtbegin.o

.igot.plt       0x00087578        0x0
 .igot.plt      0x00000000        0x0 /home/orangepi/.arduino15/packages/arduino/tools/arm-none-eabi-gcc/4.8.3-2014q1/bin/../lib/gcc/arm-none-eabi/4.8.3/armv7-m/crtbegin.o
                0x00087578                . = ALIGN (0x4)
                0x00087578                _etext = .

.relocate       0x20070000      0x92c load address 0x00087578
                0x20070000                . = ALIGN (0x4)
                0x20070000                _srelocate = .
 *(.ramfunc .ramfunc.*)
 .ramfunc       0x20070000       0x2c /tmp/arduino-sketch-60601E723012CCD8F0C11AE345A3396C/../arduino-core-cache/core_arduino_sam_arduino_due_x_dbg_12c81cb0a6aff8488538f97208e21652.a(Reset.cpp.o)
                0x20070000                banzai
 *(.data .data.*)
 *fill*         0x2007002c        0x4 
 .data._ZN8DueTimer10_frequencyE
                0x20070030       0x48 /tmp/arduino-sketch-60601E723012CCD8F0C11AE345A3396C/sketch/DueTimer.cpp.o
                0x20070030                DueTimer::_frequency
 .data.choise_pwm
                0x20070078        0x1 /tmp/arduino-sketch-60601E723012CCD8F0C11AE345A3396C/sketch/drive_new_pwm.ino.cpp.o
                0x20070078                choise_pwm
 *fill*         0x20070079        0x3 
 .data.SystemCoreClock
                0x2007007c        0x4 /home/orangepi/.arduino15/packages/arduino/hardware/sam/1.6.12/variants/arduino_due_x/libsam_sam3x8e_gcc_rel.a(system_sam3xa.o)
                0x2007007c                SystemCoreClock
 .data.latestSelectedChannel.9384
                0x20070080        0x4 /tmp/arduino-sketch-60601E723012CCD8F0C11AE345A3396C/../arduino-core-cache/core_arduino_sam_arduino_due_x_dbg_12c81cb0a6aff8488538f97208e21652.a(wiring_analog.c.o)
 .data._readResolution
                0x20070084        0x4 /tmp/arduino-sketch-60601E723012CCD8F0C11AE345A3396C/../arduino-core-cache/core_arduino_sam_arduino_due_x_dbg_12c81cb0a6aff8488538f97208e21652.a(wiring_analog.c.o)
 .data._ZL5ticks
                0x20070088        0x4 /tmp/arduino-sketch-60601E723012CCD8F0C11AE345A3396C/../arduino-core-cache/core_arduino_sam_arduino_due_x_dbg_12c81cb0a6aff8488538f97208e21652.a(Reset.cpp.o)
 .data.EndPoints
                0x2007008c       0x28 /tmp/arduino-sketch-60601E723012CCD8F0C11AE345A3396C/../arduino-core-cache/core_arduino_sam_arduino_due_x_dbg_12c81cb0a6aff8488538f97208e21652.a(USBCore.cpp.o)
                0x2007008c                EndPoints
 .data._ZL10breakValue
                0x200700b4        0x4 /tmp/arduino-sketch-60601E723012CCD8F0C11AE345A3396C/../arduino-core-cache/core_arduino_sam_arduino_due_x_dbg_12c81cb0a6aff8488538f97208e21652.a(CDC.cpp.o)
 .data._ZL12_usbLineInfo
                0x200700b8        0x8 /tmp/arduino-sketch-60601E723012CCD8F0C11AE345A3396C/../arduino-core-cache/core_arduino_sam_arduino_due_x_dbg_12c81cb0a6aff8488538f97208e21652.a(CDC.cpp.o)
 .data.g_interrupt_enabled
                0x200700c0        0x4 /home/orangepi/.arduino15/packages/arduino/hardware/sam/1.6.12/variants/arduino_due_x/libsam_sam3x8e_gcc_rel.a(interrupt_sam_nvic.o)
                0x200700c0                g_interrupt_enabled
 *fill*         0x200700c4        0x4 
 .data.impure_data
                0x200700c8      0x428 /home/orangepi/.arduino15/packages/arduino/tools/arm-none-eabi-gcc/4.8.3-2014q1/bin/../lib/gcc/arm-none-eabi/4.8.3/../../../../arm-none-eabi/lib/armv7-m/libc.a(lib_a-impure.o)
 .data._impure_ptr
                0x200704f0        0x4 /home/orangepi/.arduino15/packages/arduino/tools/arm-none-eabi-gcc/4.8.3-2014q1/bin/../lib/gcc/arm-none-eabi/4.8.3/../../../../arm-none-eabi/lib/armv7-m/libc.a(lib_a-impure.o)
                0x200704f0                _impure_ptr
 .data.lc_ctype_charset
                0x200704f4       0x20 /home/orangepi/.arduino15/packages/arduino/tools/arm-none-eabi-gcc/4.8.3-2014q1/bin/../lib/gcc/arm-none-eabi/4.8.3/../../../../arm-none-eabi/lib/armv7-m/libc.a(lib_a-locale.o)
 .data.__mb_cur_max
                0x20070514        0x4 /home/orangepi/.arduino15/packages/arduino/tools/arm-none-eabi-gcc/4.8.3-2014q1/bin/../lib/gcc/arm-none-eabi/4.8.3/../../../../arm-none-eabi/lib/armv7-m/libc.a(lib_a-locale.o)
                0x20070514                __mb_cur_max
 .data.__malloc_av_
                0x20070518      0x408 /home/orangepi/.arduino15/packages/arduino/tools/arm-none-eabi-gcc/4.8.3-2014q1/bin/../lib/gcc/arm-none-eabi/4.8.3/../../../../arm-none-eabi/lib/armv7-m/libc.a(lib_a-mallocr.o)
                0x20070518                __malloc_av_
 .data.__malloc_trim_threshold
                0x20070920        0x4 /home/orangepi/.arduino15/packages/arduino/tools/arm-none-eabi-gcc/4.8.3-2014q1/bin/../lib/gcc/arm-none-eabi/4.8.3/../../../../arm-none-eabi/lib/armv7-m/libc.a(lib_a-mallocr.o)
                0x20070920                __malloc_trim_threshold
 .data.__malloc_sbrk_base
                0x20070924        0x4 /home/orangepi/.arduino15/packages/arduino/tools/arm-none-eabi-gcc/4.8.3-2014q1/bin/../lib/gcc/arm-none-eabi/4.8.3/../../../../arm-none-eabi/lib/armv7-m/libc.a(lib_a-mallocr.o)
                0x20070924                __malloc_sbrk_base
 .data.__wctomb
                0x20070928        0x4 /home/orangepi/.arduino15/packages/arduino/tools/arm-none-eabi-gcc/4.8.3-2014q1/bin/../lib/gcc/arm-none-eabi/4.8.3/../../../../arm-none-eabi/lib/armv7-m/libc.a(lib_a-wctomb_r.o)
                0x20070928                __wctomb
                0x2007092c                . = ALIGN (0x4)
                0x2007092c                _erelocate = .

.bss            0x2007092c      0xa8c load address 0x00087ea4
                0x2007092c                . = ALIGN (0x4)
                0x2007092c                _sbss = .
                0x2007092c                _szero = .
 *(.bss .bss.*)
 .bss           0x2007092c       0x1c /home/orangepi/.arduino15/packages/arduino/tools/arm-none-eabi-gcc/4.8.3-2014q1/bin/../lib/gcc/arm-none-eabi/4.8.3/armv7-m/crtbegin.o
 .bss.Timer0    0x20070948        0x2 /tmp/arduino-sketch-60601E723012CCD8F0C11AE345A3396C/sketch/DueTimer.cpp.o
                0x20070948                Timer0
 .bss.Timer1    0x2007094a        0x2 /tmp/arduino-sketch-60601E723012CCD8F0C11AE345A3396C/sketch/DueTimer.cpp.o
                0x2007094a                Timer1
 .bss.Timer2    0x2007094c        0x2 /tmp/arduino-sketch-60601E723012CCD8F0C11AE345A3396C/sketch/DueTimer.cpp.o
                0x2007094c                Timer2
 .bss.Timer3    0x2007094e        0x2 /tmp/arduino-sketch-60601E723012CCD8F0C11AE345A3396C/sketch/DueTimer.cpp.o
                0x2007094e                Timer3
 .bss.Timer4    0x20070950        0x2 /tmp/arduino-sketch-60601E723012CCD8F0C11AE345A3396C/sketch/DueTimer.cpp.o
                0x20070950                Timer4
 .bss.Timer6    0x20070952        0x2 /tmp/arduino-sketch-60601E723012CCD8F0C11AE345A3396C/sketch/DueTimer.cpp.o
                0x20070952                Timer6
 .bss.Timer7    0x20070954        0x2 /tmp/arduino-sketch-60601E723012CCD8F0C11AE345A3396C/sketch/DueTimer.cpp.o
                0x20070954                Timer7
 .bss.Timer8    0x20070956        0x2 /tmp/arduino-sketch-60601E723012CCD8F0C11AE345A3396C/sketch/DueTimer.cpp.o
                0x20070956                Timer8
 .bss._ZN8DueTimer9callbacksE
                0x20070958       0x24 /tmp/arduino-sketch-60601E723012CCD8F0C11AE345A3396C/sketch/DueTimer.cpp.o
                0x20070958                DueTimer::callbacks
 .bss.Timer5    0x2007097c        0x2 /tmp/arduino-sketch-60601E723012CCD8F0C11AE345A3396C/sketch/DueTimer.cpp.o
                0x2007097c                Timer5
 .bss.Timer     0x2007097e        0x2 /tmp/arduino-sketch-60601E723012CCD8F0C11AE345A3396C/sketch/DueTimer.cpp.o
                0x2007097e                Timer